Fitting portable-plus-matchup context state for 1996-97
  Added 65 completed playoff games to 1996-97
Fitting portable-plus-matchup context state for 1997-98
  Added 49 completed playoff games to 1997-98
  Fitting antisymmetric spline on 34,899 stints
  Stored 10,018 reference units for 1997-98
Fitting portable-plus-matchup context state for 1998-99
  Added 51 completed playoff games to 1998-99
  Fitting antisymmetric spline on 22,185 stints
  Stored 7,142 reference units for 1998-99
Fitting portable-plus-matchup context state for 1999-00
  Added 62 completed playoff games to 1999-00
  Fitting antisymmetric spline on 36,099 stints
  Stored 9,898 reference units for 1999-00
Fitting portable-plus-matchup context state for 2000-01
  Added 57 completed playoff games to 2000-01
  Fitting antisymmetric spline on 34,413 stints
  Stored 10,143 reference units for 2000-01
Fitting portable-plus-matchup context state for 2001-02
  Added 62 completed playoff games to 2001-02
  Fitting antisymmetric spline on 34,622 stints
  Stored 9,576 reference units for 2001-02
Fitting portable-plus-matchup context state for 2002-03
  Added 74 completed playoff games to 2002-03
  Fitting antisymmetric spline on 34,508 stints
  Stored 8,906 reference units for 2002-03
Fitting portable-plus-matchup context state for 2003-04
  Added 67 completed playoff games to 2003-04
  Fitting antisymmetric spline on 35,474 stints
  Stored 10,737 reference units for 2003-04
Fitting portable-plus-matchup context state for 2004-05
  Added 71 completed playoff games to 2004-05
  Fitting antisymmetric spline on 39,165 stints
  Stored 12,788 reference units for 2004-05
Fitting portable-plus-matchup context state for 2005-06
  Added 81 completed playoff games to 2005-06
  Fitting antisymmetric spline on 39,021 stints
  Stored 12,335 reference units for 2005-06
Fitting portable-plus-matchup context state for 2006-07
  Added 69 completed playoff games to 2006-07
  Fitting antisymmetric spline on 39,660 stints
  Stored 12,512 reference units for 2006-07
Fitting portable-plus-matchup context state for 2007-08
  Added 75 completed playoff games to 2007-08
  Fitting antisymmetric spline on 37,474 stints
  Stored 12,027 reference units for 2007-08
Fitting portable-plus-matchup context state for 2008-09
  Added 77 completed playoff games to 2008-09
  Fitting antisymmetric spline on 36,122 stints
  Stored 11,377 reference units for 2008-09
Fitting portable-plus-matchup context state for 2009-10
  Added 68 completed playoff games to 2009-10
  Fitting antisymmetric spline on 35,948 stints
  Stored 11,273 reference units for 2009-10
Fitting portable-plus-matchup context state for 2010-11
  Added 66 completed playoff games to 2010-11
  Fitting antisymmetric spline on 37,122 stints
  Stored 12,161 reference units for 2010-11
Fitting portable-plus-matchup context state for 2011-12
  Added 74 completed playoff games to 2011-12
  Fitting antisymmetric spline on 29,302 stints
  Stored 10,656 reference units for 2011-12
Fitting portable-plus-matchup context state for 2012-13
  Added 68 completed playoff games to 2012-13
  Fitting antisymmetric spline on 35,908 stints
  Stored 12,139 reference units for 2012-13
Fitting portable-plus-matchup context state for 2013-14
  Added 76 completed playoff games to 2013-14
  Fitting antisymmetric spline on 37,444 stints
  Stored 12,463 reference units for 2013-14
Fitting portable-plus-matchup context state for 2014-15
  Added 71 completed playoff games to 2014-15
  Fitting antisymmetric spline on 37,758 stints
  Stored 14,330 reference units for 2014-15
Fitting portable-plus-matchup context state for 2015-16
  Added 78 completed playoff games to 2015-16
  Fitting antisymmetric spline on 38,342 stints
  Stored 12,953 reference units for 2015-16
Fitting portable-plus-matchup context state for 2016-17
  Added 61 completed playoff games to 2016-17
  Fitting antisymmetric spline on 36,489 stints
  Stored 12,957 reference units for 2016-17
Fitting portable-plus-matchup context state for 2017-18
  Added 66 completed playoff games to 2017-18
  Fitting antisymmetric spline on 29,492 stints
  Stored 12,213 reference units for 2017-18
Fitting portable-plus-matchup context state for 2018-19
  Added 71 completed playoff games to 2018-19
  Fitting antisymmetric spline on 36,388 stints
  Stored 14,438 reference units for 2018-19
Fitting portable-plus-matchup context state for 2019-20
  Added 74 completed playoff games to 2019-20
  Fitting antisymmetric spline on 32,000 stints
  Stored 13,242 reference units for 2019-20
Fitting portable-plus-matchup context state for 2020-21
  Added 65 completed playoff games to 2020-21
  Fitting antisymmetric spline on 31,466 stints
  Stored 14,639 reference units for 2020-21
Fitting portable-plus-matchup context state for 2021-22
  Added 76 completed playoff games to 2021-22
  Fitting antisymmetric spline on 34,740 stints
  Stored 16,472 reference units for 2021-22
Fitting portable-plus-matchup context state for 2022-23
  Added 66 completed playoff games to 2022-23
  Fitting antisymmetric spline on 32,980 stints
  Stored 15,480 reference units for 2022-23
Fitting portable-plus-matchup context state for 2023-24
  Added 69 completed playoff games to 2023-24
  Fitting antisymmetric spline on 32,496 stints
  Stored 14,605 reference units for 2023-24
Fitting portable-plus-matchup context state for 2024-25
  Added 67 completed playoff games to 2024-25
  Fitting antisymmetric spline on 33,600 stints
  Stored 16,505 reference units for 2024-25
Fitting portable-plus-matchup context state for 2025-26
  Fitting antisymmetric spline on 39,918 stints
  Stored 19,546 reference units for 2025-26
Forward value-conditioned aging HPM with playoffs: run=artifacts/models/forward_centered_value_conditioned_aging_playoffs_bounded_hierarchical_portable_matchup_contextual_rapm/2025-26/forward-centered-value-conditioned-aging-playoffs-bounded-hierarchical-portable-matchup-contextual-rapm-2025-26-20260811T184358Z-2a1777e0
