/Users/runner/work/crossbow/crossbow/arrow/cpp/src/arrow/util/cpu_info.cc:242: IOError: sysctlbyname failed for 'hw.l1dcachesize'. Detail: [errno 1] Operation not permitted
/Users/runner/work/crossbow/crossbow/arrow/cpp/src/arrow/util/cpu_info.cc:242: IOError: sysctlbyname failed for 'hw.l2cachesize'. Detail: [errno 1] Operation not permitted
/Users/runner/work/crossbow/crossbow/arrow/cpp/src/arrow/util/cpu_info.cc:242: IOError: sysctlbyname failed for 'hw.l3cachesize'. Detail: [errno 1] Operation not permitted
/Users/runner/work/crossbow/crossbow/arrow/cpp/src/arrow/util/cpu_info.cc:242: IOError: sysctlbyname failed for 'hw.optional.neon'. Detail: [errno 1] Operation not permitted
Materialized published player ratings: artifacts/web/lineup_rankings/forward_nail_rapm_v1_medvedovsky_padding/forward-nail-rapm-v1-medvedovsky-padding-2025-26-20260818T140419Z-2d5d58cb/player_ratings.parquet
Building observed lineup rankings for 1997-98 (1/29)
Materialized 1997-98: artifacts/web/lineup_rankings/forward_nail_rapm_v1_medvedovsky_padding/forward-nail-rapm-v1-medvedovsky-padding-2025-26-20260818T140419Z-2d5d58cb/1997-98.parquet (11563 units)
Building observed lineup rankings for 1998-99 (2/29)
Materialized 1998-99: artifacts/web/lineup_rankings/forward_nail_rapm_v1_medvedovsky_padding/forward-nail-rapm-v1-medvedovsky-padding-2025-26-20260818T140419Z-2d5d58cb/1998-99.parquet (7944 units)
Building observed lineup rankings for 1999-00 (3/29)
Materialized 1999-00: artifacts/web/lineup_rankings/forward_nail_rapm_v1_medvedovsky_padding/forward-nail-rapm-v1-medvedovsky-padding-2025-26-20260818T140419Z-2d5d58cb/1999-00.parquet (10913 units)
Building observed lineup rankings for 2000-01 (4/29)
Materialized 2000-01: artifacts/web/lineup_rankings/forward_nail_rapm_v1_medvedovsky_padding/forward-nail-rapm-v1-medvedovsky-padding-2025-26-20260818T140419Z-2d5d58cb/2000-01.parquet (11068 units)
Building observed lineup rankings for 2001-02 (5/29)
Materialized 2001-02: artifacts/web/lineup_rankings/forward_nail_rapm_v1_medvedovsky_padding/forward-nail-rapm-v1-medvedovsky-padding-2025-26-20260818T140419Z-2d5d58cb/2001-02.parquet (10768 units)
Building observed lineup rankings for 2002-03 (6/29)
Materialized 2002-03: artifacts/web/lineup_rankings/forward_nail_rapm_v1_medvedovsky_padding/forward-nail-rapm-v1-medvedovsky-padding-2025-26-20260818T140419Z-2d5d58cb/2002-03.parquet (9951 units)
Building observed lineup rankings for 2003-04 (7/29)
Materialized 2003-04: artifacts/web/lineup_rankings/forward_nail_rapm_v1_medvedovsky_padding/forward-nail-rapm-v1-medvedovsky-padding-2025-26-20260818T140419Z-2d5d58cb/2003-04.parquet (11775 units)
Building observed lineup rankings for 2004-05 (8/29)
Materialized 2004-05: artifacts/web/lineup_rankings/forward_nail_rapm_v1_medvedovsky_padding/forward-nail-rapm-v1-medvedovsky-padding-2025-26-20260818T140419Z-2d5d58cb/2004-05.parquet (12785 units)
Building observed lineup rankings for 2005-06 (9/29)
Materialized 2005-06: artifacts/web/lineup_rankings/forward_nail_rapm_v1_medvedovsky_padding/forward-nail-rapm-v1-medvedovsky-padding-2025-26-20260818T140419Z-2d5d58cb/2005-06.parquet (12445 units)
Building observed lineup rankings for 2006-07 (10/29)
Materialized 2006-07: artifacts/web/lineup_rankings/forward_nail_rapm_v1_medvedovsky_padding/forward-nail-rapm-v1-medvedovsky-padding-2025-26-20260818T140419Z-2d5d58cb/2006-07.parquet (12580 units)
Building observed lineup rankings for 2007-08 (11/29)
Materialized 2007-08: artifacts/web/lineup_rankings/forward_nail_rapm_v1_medvedovsky_padding/forward-nail-rapm-v1-medvedovsky-padding-2025-26-20260818T140419Z-2d5d58cb/2007-08.parquet (12050 units)
Building observed lineup rankings for 2008-09 (12/29)
Materialized 2008-09: artifacts/web/lineup_rankings/forward_nail_rapm_v1_medvedovsky_padding/forward-nail-rapm-v1-medvedovsky-padding-2025-26-20260818T140419Z-2d5d58cb/2008-09.parquet (11435 units)
Building observed lineup rankings for 2009-10 (13/29)
Materialized 2009-10: artifacts/web/lineup_rankings/forward_nail_rapm_v1_medvedovsky_padding/forward-nail-rapm-v1-medvedovsky-padding-2025-26-20260818T140419Z-2d5d58cb/2009-10.parquet (11468 units)
Building observed lineup rankings for 2010-11 (14/29)
Materialized 2010-11: artifacts/web/lineup_rankings/forward_nail_rapm_v1_medvedovsky_padding/forward-nail-rapm-v1-medvedovsky-padding-2025-26-20260818T140419Z-2d5d58cb/2010-11.parquet (12327 units)
Building observed lineup rankings for 2011-12 (15/29)
Materialized 2011-12: artifacts/web/lineup_rankings/forward_nail_rapm_v1_medvedovsky_padding/forward-nail-rapm-v1-medvedovsky-padding-2025-26-20260818T140419Z-2d5d58cb/2011-12.parquet (10642 units)
Building observed lineup rankings for 2012-13 (16/29)
Materialized 2012-13: artifacts/web/lineup_rankings/forward_nail_rapm_v1_medvedovsky_padding/forward-nail-rapm-v1-medvedovsky-padding-2025-26-20260818T140419Z-2d5d58cb/2012-13.parquet (12112 units)
Building observed lineup rankings for 2013-14 (17/29)
Materialized 2013-14: artifacts/web/lineup_rankings/forward_nail_rapm_v1_medvedovsky_padding/forward-nail-rapm-v1-medvedovsky-padding-2025-26-20260818T140419Z-2d5d58cb/2013-14.parquet (12470 units)
Building observed lineup rankings for 2014-15 (18/29)
Materialized 2014-15: artifacts/web/lineup_rankings/forward_nail_rapm_v1_medvedovsky_padding/forward-nail-rapm-v1-medvedovsky-padding-2025-26-20260818T140419Z-2d5d58cb/2014-15.parquet (14543 units)
Building observed lineup rankings for 2015-16 (19/29)
Materialized 2015-16: artifacts/web/lineup_rankings/forward_nail_rapm_v1_medvedovsky_padding/forward-nail-rapm-v1-medvedovsky-padding-2025-26-20260818T140419Z-2d5d58cb/2015-16.parquet (12939 units)
Building observed lineup rankings for 2016-17 (20/29)
Materialized 2016-17: artifacts/web/lineup_rankings/forward_nail_rapm_v1_medvedovsky_padding/forward-nail-rapm-v1-medvedovsky-padding-2025-26-20260818T140419Z-2d5d58cb/2016-17.parquet (13082 units)
Building observed lineup rankings for 2017-18 (21/29)
Materialized 2017-18: artifacts/web/lineup_rankings/forward_nail_rapm_v1_medvedovsky_padding/forward-nail-rapm-v1-medvedovsky-padding-2025-26-20260818T140419Z-2d5d58cb/2017-18.parquet (13684 units)
Building observed lineup rankings for 2018-19 (22/29)
Materialized 2018-19: artifacts/web/lineup_rankings/forward_nail_rapm_v1_medvedovsky_padding/forward-nail-rapm-v1-medvedovsky-padding-2025-26-20260818T140419Z-2d5d58cb/2018-19.parquet (14800 units)
Building observed lineup rankings for 2019-20 (23/29)
Materialized 2019-20: artifacts/web/lineup_rankings/forward_nail_rapm_v1_medvedovsky_padding/forward-nail-rapm-v1-medvedovsky-padding-2025-26-20260818T140419Z-2d5d58cb/2019-20.parquet (12884 units)
Building observed lineup rankings for 2020-21 (24/29)
Materialized 2020-21: artifacts/web/lineup_rankings/forward_nail_rapm_v1_medvedovsky_padding/forward-nail-rapm-v1-medvedovsky-padding-2025-26-20260818T140419Z-2d5d58cb/2020-21.parquet (14620 units)
Building observed lineup rankings for 2021-22 (25/29)
Materialized 2021-22: artifacts/web/lineup_rankings/forward_nail_rapm_v1_medvedovsky_padding/forward-nail-rapm-v1-medvedovsky-padding-2025-26-20260818T140419Z-2d5d58cb/2021-22.parquet (16704 units)
Building observed lineup rankings for 2022-23 (26/29)
Materialized 2022-23: artifacts/web/lineup_rankings/forward_nail_rapm_v1_medvedovsky_padding/forward-nail-rapm-v1-medvedovsky-padding-2025-26-20260818T140419Z-2d5d58cb/2022-23.parquet (16340 units)
Building observed lineup rankings for 2023-24 (27/29)
Using existing 2023-24: artifacts/web/lineup_rankings/forward_nail_rapm_v1_medvedovsky_padding/forward-nail-rapm-v1-medvedovsky-padding-2025-26-20260818T140419Z-2d5d58cb/2023-24.parquet
Building observed lineup rankings for 2024-25 (28/29)
Using existing 2024-25: artifacts/web/lineup_rankings/forward_nail_rapm_v1_medvedovsky_padding/forward-nail-rapm-v1-medvedovsky-padding-2025-26-20260818T140419Z-2d5d58cb/2024-25.parquet
Building observed lineup rankings for 2025-26 (29/29)
Using existing 2025-26: artifacts/web/lineup_rankings/forward_nail_rapm_v1_medvedovsky_padding/forward-nail-rapm-v1-medvedovsky-padding-2025-26-20260818T140419Z-2d5d58cb/2025-26.parquet
