/Users/runner/work/crossbow/crossbow/arrow/cpp/src/arrow/util/cpu_info.cc:242: IOError: sysctlbyname failed for 'hw.l1dcachesize'. Detail: [errno 1] Operation not permitted
/Users/runner/work/crossbow/crossbow/arrow/cpp/src/arrow/util/cpu_info.cc:242: IOError: sysctlbyname failed for 'hw.l2cachesize'. Detail: [errno 1] Operation not permitted
/Users/runner/work/crossbow/crossbow/arrow/cpp/src/arrow/util/cpu_info.cc:242: IOError: sysctlbyname failed for 'hw.l3cachesize'. Detail: [errno 1] Operation not permitted
/Users/runner/work/crossbow/crossbow/arrow/cpp/src/arrow/util/cpu_info.cc:242: IOError: sysctlbyname failed for 'hw.optional.neon'. Detail: [errno 1] Operation not permitted
Preparing exposure cohort through 2025-26 for 30 seasonal fits
Fitting portable-plus-matchup context state for 1996-97
Fitting portable-plus-matchup context state for 1997-98
  Fitting antisymmetric spline on 36,732 stints
  Stored 10,341 reference units for 1997-98
Fitting portable-plus-matchup context state for 1998-99
  Fitting antisymmetric spline on 22,666 stints
  Stored 7,272 reference units for 1998-99
Fitting portable-plus-matchup context state for 1999-00
  Fitting antisymmetric spline on 36,832 stints
  Stored 10,063 reference units for 1999-00
Fitting portable-plus-matchup context state for 2000-01
  Fitting antisymmetric spline on 34,416 stints
  Stored 10,206 reference units for 2000-01
Fitting portable-plus-matchup context state for 2001-02
  Fitting antisymmetric spline on 34,562 stints
  Stored 9,619 reference units for 2001-02
Fitting portable-plus-matchup context state for 2002-03
  Fitting antisymmetric spline on 34,452 stints
  Stored 8,888 reference units for 2002-03
Fitting portable-plus-matchup context state for 2003-04
  Fitting antisymmetric spline on 34,912 stints
  Stored 10,745 reference units for 2003-04
Fitting portable-plus-matchup context state for 2004-05
  Fitting antisymmetric spline on 38,162 stints
  Stored 12,781 reference units for 2004-05
Fitting portable-plus-matchup context state for 2005-06
  Fitting antisymmetric spline on 37,989 stints
  Stored 12,417 reference units for 2005-06
Fitting portable-plus-matchup context state for 2006-07
  Fitting antisymmetric spline on 38,915 stints
  Stored 12,580 reference units for 2006-07
Fitting portable-plus-matchup context state for 2007-08
  Fitting antisymmetric spline on 36,865 stints
  Stored 12,038 reference units for 2007-08
Fitting portable-plus-matchup context state for 2008-09
  Fitting antisymmetric spline on 35,909 stints
  Stored 11,416 reference units for 2008-09
Fitting portable-plus-matchup context state for 2009-10
  Fitting antisymmetric spline on 35,867 stints
  Stored 11,426 reference units for 2009-10
Fitting portable-plus-matchup context state for 2010-11
  Fitting antisymmetric spline on 37,089 stints
  Stored 12,297 reference units for 2010-11
Fitting portable-plus-matchup context state for 2011-12
  Fitting antisymmetric spline on 28,472 stints
  Stored 10,620 reference units for 2011-12
Fitting portable-plus-matchup context state for 2012-13
  Fitting antisymmetric spline on 35,310 stints
  Stored 12,053 reference units for 2012-13
Fitting portable-plus-matchup context state for 2013-14
  Fitting antisymmetric spline on 36,529 stints
  Stored 12,434 reference units for 2013-14
Fitting portable-plus-matchup context state for 2014-15
  Fitting antisymmetric spline on 37,549 stints
  Stored 14,520 reference units for 2014-15
Fitting portable-plus-matchup context state for 2015-16
  Fitting antisymmetric spline on 38,073 stints
  Stored 12,933 reference units for 2015-16
Fitting portable-plus-matchup context state for 2016-17
  Fitting antisymmetric spline on 37,334 stints
  Stored 13,074 reference units for 2016-17
Fitting portable-plus-matchup context state for 2017-18
  Fitting antisymmetric spline on 35,547 stints
  Stored 13,656 reference units for 2017-18
Fitting portable-plus-matchup context state for 2018-19
  Fitting antisymmetric spline on 37,294 stints
  Stored 14,784 reference units for 2018-19
Fitting portable-plus-matchup context state for 2019-20
  Fitting antisymmetric spline on 30,088 stints
  Stored 12,883 reference units for 2019-20
Fitting portable-plus-matchup context state for 2020-21
  Fitting antisymmetric spline on 31,073 stints
  Stored 14,596 reference units for 2020-21
Fitting portable-plus-matchup context state for 2021-22
  Fitting antisymmetric spline on 34,601 stints
  Stored 16,676 reference units for 2021-22
Fitting portable-plus-matchup context state for 2022-23
  Fitting antisymmetric spline on 34,823 stints
  Stored 16,226 reference units for 2022-23
Fitting portable-plus-matchup context state for 2023-24
  Fitting antisymmetric spline on 34,022 stints
  Stored 15,231 reference units for 2023-24
Fitting portable-plus-matchup context state for 2024-25
  Fitting antisymmetric spline on 34,859 stints
  Stored 17,342 reference units for 2024-25
Fitting portable-plus-matchup context state for 2025-26
  Fitting antisymmetric spline on 39,918 stints
  Stored 19,546 reference units for 2025-26
HPM x3 ORB claim rebound replacement: run=artifacts/models/forward_hpm_x3_v1_orb_claim_replacement/2025-26/forward-hpm-x3-v1-orb-claim-replacement-2025-26-20260815T055927Z-d20c526b
