13:46:00.220 | INFO    | prefect - Starting temporary server on http://127.0.0.1:8717
See https://docs.prefect.io/v3/concepts/server#how-to-guides for more information on running a dedicated Prefect server.
13:46:02.973 | INFO    | Flow run 'process-2024-25' - Beginning flow run 'process-2024-25' for flow 'process-nba-season'
13:46:10.106 | INFO    | Task run 'process-0042400131' - Finished in state Completed()
13:46:10.207 | INFO    | Task run 'process-0042400171' - Finished in state Completed()
13:46:10.222 | INFO    | Task run 'process-0042400121' - Finished in state Completed()
13:46:10.241 | INFO    | Task run 'process-0042400161' - Finished in state Completed()
13:46:10.509 | INFO    | Task run 'process-0042400101' - Finished in state Completed()
13:46:10.646 | INFO    | Task run 'process-0042400111' - Finished in state Completed()
13:46:10.662 | INFO    | Task run 'process-0042400141' - Finished in state Completed()
13:46:10.977 | INFO    | Task run 'process-0042400151' - Finished in state Completed()
13:46:11.157 | INFO    | Task run 'process-0042400122' - Finished in state Completed()
13:46:11.267 | INFO    | Task run 'process-0042400172' - Finished in state Completed()
13:46:11.271 | ERROR   | Task run 'process-0042400162' - Finished in state Failed('Task run encountered an exception GameProcessTaskError: Quality gate failed: audit:possession_score_conservation_failed, lineup:boxscore_minutes_mismatch, lineup:primary_actor_not_on_court, possession:same_offense_consecutive_possessions, possession:score_conservation_failed, possession:unexplained_possession_team_change')
13:46:11.512 | INFO    | Task run 'process-0042400132' - Finished in state Completed()
13:46:11.528 | INFO    | Task run 'process-0042400142' - Finished in state Completed()
13:46:11.720 | ERROR   | Task run 'process-0042400123' - Finished in state Failed('Task run encountered an exception GameProcessTaskError: Period lineup remains ambiguous for team 1610612752: 7 legal states')
13:46:11.874 | INFO    | Task run 'process-0042400102' - Finished in state Completed()
13:46:11.890 | INFO    | Task run 'process-0042400112' - Finished in state Completed()
13:46:12.075 | INFO    | Task run 'process-0042400152' - Finished in state Completed()
13:46:12.156 | INFO    | Task run 'process-0042400143' - Finished in state Completed()
13:46:12.316 | INFO    | Task run 'process-0042400173' - Finished in state Completed()
13:46:12.332 | INFO    | Task run 'process-0042400113' - Finished in state Completed()
13:46:12.575 | INFO    | Task run 'process-0042400133' - Finished in state Completed()
13:46:12.583 | INFO    | Task run 'process-0042400163' - Finished in state Completed()
13:46:13.044 | INFO    | Task run 'process-0042400103' - Finished in state Completed()
13:46:13.173 | INFO    | Task run 'process-0042400144' - Finished in state Completed()
13:46:13.326 | INFO    | Task run 'process-0042400153' - Finished in state Completed()
13:46:13.359 | INFO    | Task run 'process-0042400174' - Finished in state Completed()
13:46:13.611 | INFO    | Task run 'process-0042400114' - Finished in state Completed()
13:46:13.784 | INFO    | Task run 'process-0042400124' - Finished in state Completed()
13:46:14.832 | ERROR   | Task run 'process-0042400154' - Finished in state Failed('Task run encountered an exception GameProcessTaskError: Quality gate failed: audit:possession_estimate_outlier, audit:possession_score_conservation_failed, lineup:primary_actor_not_on_court, possession:score_conservation_failed')
13:46:15.108 | INFO    | Task run 'process-0042400134' - Finished in state Completed()
13:46:15.431 | INFO    | Task run 'process-0042400164' - Finished in state Completed()
13:46:16.081 | INFO    | Task run 'process-0042400104' - Finished in state Completed()
13:46:17.004 | ERROR   | Task run 'process-0042400175' - Finished in state Failed('Task run encountered an exception GameProcessTaskError: Quality gate failed: audit:possession_score_conservation_failed, possession:same_offense_consecutive_possessions, possession:score_conservation_failed, possession:unexplained_possession_team_change')
13:46:17.692 | INFO    | Task run 'process-0042400115' - Finished in state Completed()
13:46:17.739 | INFO    | Task run 'process-0042400125' - Finished in state Completed()
13:46:17.850 | INFO    | Task run 'process-0042400135' - Finished in state Completed()
13:46:17.979 | ERROR   | Task run 'process-0042400126' - Finished in state Failed('Task run encountered an exception GameProcessTaskError: Period lineup remains ambiguous for team 1610612752: 28 legal states')
13:46:18.173 | INFO    | Task run 'process-0042400155' - Finished in state Completed()
13:46:18.495 | INFO    | Task run 'process-0042400165' - Finished in state Completed()
13:46:18.502 | INFO    | Task run 'process-0042400176' - Finished in state Completed()
13:46:19.031 | INFO    | Task run 'process-0042400156' - Finished in state Completed()
13:46:20.384 | INFO    | Task run 'process-0042400177' - Finished in state Completed()
13:46:20.931 | INFO    | Task run 'process-0042400201' - Finished in state Completed()
13:46:20.995 | INFO    | Task run 'process-0042400157' - Finished in state Completed()
13:46:21.801 | INFO    | Task run 'process-0042400211' - Finished in state Completed()
13:46:22.205 | INFO    | Task run 'process-0042400221' - Finished in state Completed()
13:46:22.224 | INFO    | Task run 'process-0042400202' - Finished in state Completed()
13:46:22.375 | INFO    | Task run 'process-0042400231' - Finished in state Completed()
13:46:22.827 | INFO    | Task run 'process-0042400212' - Finished in state Completed()
13:46:22.952 | INFO    | Task run 'process-0042400222' - Finished in state Completed()
13:46:23.105 | INFO    | Task run 'process-0042400232' - Finished in state Completed()
13:46:23.110 | INFO    | Task run 'process-0042400203' - Finished in state Completed()
13:46:23.226 | ERROR   | Task run 'process-0042400233' - Finished in state Failed('Task run encountered an exception GameProcessTaskError: Period lineup remains ambiguous for team 1610612750: 9 legal states')
13:46:23.266 | ERROR   | Task run 'process-0042400204' - Finished in state Failed('Task run encountered an exception GameProcessTaskError: Period lineup remains ambiguous for team 1610612754: 28 legal states')
13:46:23.365 | INFO    | Task run 'process-0042400223' - Finished in state Completed()
13:46:24.810 | INFO    | Task run 'process-0042400213' - Finished in state Completed()
13:46:25.956 | INFO    | Task run 'process-0042400214' - Finished in state Completed()
13:46:26.030 | INFO    | Task run 'process-0042400234' - Finished in state Completed()
13:46:26.308 | INFO    | Task run 'process-0042400224' - Finished in state Completed()
13:46:27.340 | INFO    | Task run 'process-0042400205' - Finished in state Completed()
13:46:27.559 | INFO    | Task run 'process-0042400225' - Finished in state Completed()
13:46:27.562 | INFO    | Task run 'process-0042400215' - Finished in state Completed()
13:46:27.691 | INFO    | Task run 'process-0042400235' - Finished in state Completed()
13:46:27.940 | INFO    | Task run 'process-0042400226' - Finished in state Completed()
13:46:28.197 | INFO    | Task run 'process-0042400227' - Finished in state Completed()
13:46:28.585 | INFO    | Task run 'process-0042400216' - Finished in state Completed()
13:46:28.772 | INFO    | Task run 'process-0042400311' - Finished in state Completed()
13:46:30.127 | INFO    | Task run 'process-0042400301' - Finished in state Completed()
13:46:31.085 | INFO    | Task run 'process-0042400312' - Finished in state Completed()
13:46:31.493 | INFO    | Task run 'process-0042400313' - Finished in state Completed()
13:46:31.565 | INFO    | Task run 'process-0042400302' - Finished in state Completed()
13:46:31.973 | INFO    | Task run 'process-0042400303' - Finished in state Completed()
13:46:32.157 | INFO    | Task run 'process-0042400314' - Finished in state Completed()
13:46:32.267 | INFO    | Task run 'process-0042400304' - Finished in state Completed()
13:46:32.285 | INFO    | Task run 'process-0042400315' - Finished in state Completed()
13:46:32.712 | INFO    | Task run 'process-0042400305' - Finished in state Completed()
13:46:33.645 | INFO    | Task run 'process-0042400306' - Finished in state Completed()
13:46:33.859 | INFO    | Task run 'process-0042400402' - Finished in state Completed()
13:46:33.866 | INFO    | Task run 'process-0042400401' - Finished in state Completed()
13:46:35.583 | INFO    | Task run 'process-0042400403' - Finished in state Completed()
13:46:36.595 | INFO    | Task run 'process-0042400404' - Finished in state Completed()
13:46:36.883 | INFO    | Task run 'process-0042400405' - Finished in state Completed()
13:46:36.904 | INFO    | Task run 'process-0042400406' - Finished in state Completed()
13:46:37.315 | INFO    | Task run 'process-0042400407' - Finished in state Completed()
13:46:56.332 | INFO    | Flow run 'process-2024-25' - Finished in state Completed()
2024-25 processing: selected=84, succeeded=77, skipped=0, failed=7; quality pass=9, warning=68, fail=3, error=4, missing=0; ledger=data/manifests/builds.parquet
13:46:56.340 | INFO    | prefect - Stopping temporary server on http://127.0.0.1:8717
