13:44:16.609 | INFO    | prefect - Starting temporary server on http://127.0.0.1:8690
See https://docs.prefect.io/v3/concepts/server#how-to-guides for more information on running a dedicated Prefect server.
13:44:20.190 | INFO    | Flow run 'process-2023-24' - Beginning flow run 'process-2023-24' for flow 'process-nba-season'
13:44:32.016 | INFO    | Task run 'process-0042300161' - Finished in state Completed()
13:44:32.020 | INFO    | Task run 'process-0042300111' - Finished in state Completed()
13:44:32.026 | INFO    | Task run 'process-0042300151' - Finished in state Completed()
13:44:32.188 | INFO    | Task run 'process-0042300131' - Finished in state Completed()
13:44:33.219 | INFO    | Task run 'process-0042300121' - Finished in state Completed()
13:44:33.243 | INFO    | Task run 'process-0042300101' - Finished in state Completed()
13:44:33.303 | INFO    | Task run 'process-0042300141' - Finished in state Completed()
13:44:33.839 | INFO    | Task run 'process-0042300171' - Finished in state Completed()
13:44:34.331 | INFO    | Task run 'process-0042300112' - Finished in state Completed()
13:44:34.352 | INFO    | Task run 'process-0042300132' - Finished in state Completed()
13:44:34.624 | INFO    | Task run 'process-0042300152' - Finished in state Completed()
13:44:34.730 | ERROR   | Task run 'process-0042300162' - Finished in state Failed('Task run encountered an exception GameProcessTaskError: Quality gate failed: audit:possession_score_conservation_failed, lineup:primary_actor_not_on_court, possession:score_conservation_failed, possession:unexplained_possession_team_change')
13:44:34.983 | INFO    | Task run 'process-0042300122' - Finished in state Completed()
13:44:35.468 | INFO    | Task run 'process-0042300172' - Finished in state Completed()
13:44:35.645 | INFO    | Task run 'process-0042300142' - Finished in state Completed()
13:44:35.648 | INFO    | Task run 'process-0042300102' - Finished in state Completed()
13:44:35.929 | INFO    | Task run 'process-0042300113' - Finished in state Completed()
13:44:35.954 | ERROR   | Task run 'process-0042300153' - Finished in state Failed('Task run encountered an exception GameProcessTaskError: Quality gate failed: audit:possession_score_conservation_failed, possession:score_conservation_failed, possession:unexplained_possession_team_change')
13:44:36.384 | INFO    | Task run 'process-0042300133' - Finished in state Completed()
13:44:36.834 | INFO    | Task run 'process-0042300123' - Finished in state Completed()
13:44:36.983 | INFO    | Task run 'process-0042300163' - Finished in state Completed()
13:44:37.002 | INFO    | Task run 'process-0042300173' - Finished in state Completed()
13:44:37.303 | INFO    | Task run 'process-0042300103' - Finished in state Completed()
13:44:37.559 | INFO    | Task run 'process-0042300134' - Finished in state Completed()
13:44:37.861 | INFO    | Task run 'process-0042300143' - Finished in state Completed()
13:44:37.878 | INFO    | Task run 'process-0042300154' - Finished in state Completed()
13:44:38.223 | ERROR   | Task run 'process-0042300164' - Finished in state Failed('Task run encountered an exception GameProcessTaskError: Period lineup remains ambiguous for team 1610612756: 6 legal states')
13:44:38.246 | INFO    | Task run 'process-0042300114' - Finished in state Completed()
13:44:39.325 | INFO    | Task run 'process-0042300124' - Finished in state Completed()
13:44:40.795 | INFO    | Task run 'process-0042300174' - Finished in state Completed()
13:44:41.071 | INFO    | Task run 'process-0042300104' - Finished in state Completed()
13:44:41.081 | INFO    | Task run 'process-0042300144' - Finished in state Completed()
13:44:42.749 | INFO    | Task run 'process-0042300155' - Finished in state Completed()
13:44:44.531 | INFO    | Task run 'process-0042300125' - Finished in state Completed()
13:44:44.611 | INFO    | Task run 'process-0042300115' - Finished in state Completed()
13:44:44.635 | INFO    | Task run 'process-0042300135' - Finished in state Completed()
13:44:46.377 | INFO    | Task run 'process-0042300105' - Finished in state Completed()
13:44:46.836 | INFO    | Task run 'process-0042300116' - Finished in state Completed()
13:44:46.876 | INFO    | Task run 'process-0042300126' - Finished in state Completed()
13:44:46.877 | INFO    | Task run 'process-0042300175' - Finished in state Completed()
13:44:48.035 | INFO    | Task run 'process-0042300136' - Finished in state Completed()
13:44:48.633 | INFO    | Task run 'process-0042300231' - Finished in state Completed()
13:44:48.641 | INFO    | Task run 'process-0042300176' - Finished in state Completed()
13:44:49.115 | INFO    | Task run 'process-0042300137' - Finished in state Completed()
13:44:50.661 | INFO    | Task run 'process-0042300211' - Finished in state Completed()
13:44:52.030 | INFO    | Task run 'process-0042300201' - Finished in state Completed()
13:44:52.225 | INFO    | Task run 'process-0042300221' - Finished in state Completed()
13:44:52.226 | INFO    | Task run 'process-0042300232' - Finished in state Completed()
13:44:53.429 | ERROR   | Task run 'process-0042300213' - Finished in state Failed('Task run encountered an exception GameProcessTaskError: Quality gate failed: audit:possession_score_conservation_failed, lineup:primary_actor_not_on_court, possession:score_conservation_failed, possession:unexplained_possession_team_change')
13:44:53.697 | INFO    | Task run 'process-0042300212' - Finished in state Completed()
13:44:54.794 | INFO    | Task run 'process-0042300202' - Finished in state Completed()
13:44:54.797 | INFO    | Task run 'process-0042300222' - Finished in state Completed()
13:44:56.095 | INFO    | Task run 'process-0042300233' - Finished in state Completed()
13:44:56.136 | INFO    | Task run 'process-0042300203' - Finished in state Completed()
13:44:56.992 | INFO    | Task run 'process-0042300223' - Finished in state Completed()
13:44:57.009 | INFO    | Task run 'process-0042300214' - Finished in state Completed()
13:44:58.416 | INFO    | Task run 'process-0042300234' - Finished in state Completed()
13:44:58.512 | INFO    | Task run 'process-0042300204' - Finished in state Completed()
13:45:02.014 | INFO    | Task run 'process-0042300224' - Finished in state Completed()
13:45:02.800 | INFO    | Task run 'process-0042300215' - Finished in state Completed()
13:45:03.636 | INFO    | Task run 'process-0042300205' - Finished in state Completed()
13:45:04.713 | ERROR   | Task run 'process-0042300216' - Finished in state Failed('Task run encountered an exception GameProcessTaskError: Quality gate failed: audit:possession_score_conservation_failed, possession:score_conservation_failed, possession:unexplained_possession_team_change')
13:45:04.838 | INFO    | Task run 'process-0042300235' - Finished in state Completed()
13:45:06.706 | INFO    | Task run 'process-0042300225' - Finished in state Completed()
13:45:07.142 | INFO    | Task run 'process-0042300236' - Finished in state Completed()
13:45:07.593 | INFO    | Task run 'process-0042300226' - Finished in state Completed()
13:45:08.332 | INFO    | Task run 'process-0042300217' - Finished in state Completed()
13:45:09.210 | INFO    | Task run 'process-0042300237' - Finished in state Completed()
13:45:09.244 | INFO    | Task run 'process-0042300301' - Finished in state Completed()
13:45:09.489 | INFO    | Task run 'process-0042300311' - Finished in state Completed()
13:45:09.621 | INFO    | Task run 'process-0042300302' - Finished in state Completed()
13:45:09.713 | ERROR   | Task run 'process-0042300313' - Finished in state Failed('Task run encountered an exception GameProcessTaskError: Period lineup remains ambiguous for team 1610612742: 7 legal states')
13:45:10.118 | INFO    | Task run 'process-0042300312' - Finished in state Completed()
13:45:10.137 | INFO    | Task run 'process-0042300303' - Finished in state Completed()
13:45:11.807 | INFO    | Task run 'process-0042300314' - Finished in state Completed()
13:45:11.951 | INFO    | Task run 'process-0042300304' - Finished in state Completed()
13:45:13.076 | INFO    | Task run 'process-0042300315' - Finished in state Completed()
13:45:13.151 | INFO    | Task run 'process-0042300401' - Finished in state Completed()
13:45:14.083 | INFO    | Task run 'process-0042300402' - Finished in state Completed()
13:45:14.086 | INFO    | Task run 'process-0042300403' - Finished in state Completed()
13:45:14.265 | INFO    | Task run 'process-0042300404' - Finished in state Completed()
13:45:14.271 | INFO    | Task run 'process-0042300405' - Finished in state Completed()
13:45:33.648 | INFO    | Flow run 'process-2023-24' - Finished in state Completed()
2023-24 processing: selected=82, succeeded=76, skipped=0, failed=6; quality pass=14, warning=62, fail=4, error=2, missing=0; ledger=data/manifests/builds.parquet
13:45:33.655 | INFO    | prefect - Stopping temporary server on http://127.0.0.1:8690
