Preparing exposure cohort through 2025-26 for 30 seasonal fits
Fitting portable-plus-matchup context state for 1996-97
Fitting portable-plus-matchup context state for 1997-98
  Calibrated rebound realization on 117,348 opportunities
  Calibrated usage allocation on 278,138 actions
  Fitting antisymmetric spline on 36,732 stints
  Stored 10,460 reference units for 1997-98
Fitting portable-plus-matchup context state for 1998-99
  Calibrated rebound realization on 72,865 opportunities
  Calibrated usage allocation on 168,735 actions
  Fitting antisymmetric spline on 22,666 stints
  Stored 7,336 reference units for 1998-99
Fitting portable-plus-matchup context state for 1999-00
  Calibrated rebound realization on 121,760 opportunities
  Calibrated usage allocation on 287,097 actions
  Fitting antisymmetric spline on 36,832 stints
  Stored 10,149 reference units for 1999-00
Fitting portable-plus-matchup context state for 2000-01
  Calibrated rebound realization on 118,879 opportunities
  Calibrated usage allocation on 277,155 actions
  Fitting antisymmetric spline on 34,416 stints
  Stored 10,318 reference units for 2000-01
Fitting portable-plus-matchup context state for 2001-02
  Calibrated rebound realization on 120,125 opportunities
  Calibrated usage allocation on 278,948 actions
  Fitting antisymmetric spline on 34,562 stints
  Stored 9,726 reference units for 2001-02
Fitting portable-plus-matchup context state for 2002-03
  Calibrated rebound realization on 119,377 opportunities
  Calibrated usage allocation on 278,643 actions
  Fitting antisymmetric spline on 34,452 stints
  Stored 9,001 reference units for 2002-03
Fitting portable-plus-matchup context state for 2003-04
  Calibrated rebound realization on 119,727 opportunities
  Calibrated usage allocation on 277,406 actions
  Fitting antisymmetric spline on 34,912 stints
  Stored 10,860 reference units for 2003-04
Fitting portable-plus-matchup context state for 2004-05
  Calibrated rebound realization on 122,671 opportunities
  Calibrated usage allocation on 289,488 actions
  Fitting antisymmetric spline on 38,162 stints
  Stored 12,880 reference units for 2004-05
Fitting portable-plus-matchup context state for 2005-06
  Calibrated rebound realization on 120,173 opportunities
  Calibrated usage allocation on 286,130 actions
  Fitting antisymmetric spline on 37,989 stints
  Stored 12,519 reference units for 2005-06
Fitting portable-plus-matchup context state for 2006-07
  Calibrated rebound realization on 121,137 opportunities
  Calibrated usage allocation on 292,510 actions
  Fitting antisymmetric spline on 38,915 stints
  Stored 12,705 reference units for 2006-07
Fitting portable-plus-matchup context state for 2007-08
  Calibrated rebound realization on 123,652 opportunities
  Calibrated usage allocation on 293,301 actions
  Fitting antisymmetric spline on 36,865 stints
  Stored 12,185 reference units for 2007-08
Fitting portable-plus-matchup context state for 2008-09
  Calibrated rebound realization on 120,443 opportunities
  Calibrated usage allocation on 289,036 actions
  Fitting antisymmetric spline on 35,909 stints
  Stored 11,529 reference units for 2008-09
Fitting portable-plus-matchup context state for 2009-10
  Calibrated rebound realization on 120,999 opportunities
  Calibrated usage allocation on 289,204 actions
  Fitting antisymmetric spline on 35,867 stints
  Stored 11,525 reference units for 2009-10
Fitting portable-plus-matchup context state for 2010-11
  Calibrated rebound realization on 121,823 opportunities
  Calibrated usage allocation on 291,091 actions
  Fitting antisymmetric spline on 37,089 stints
  Stored 12,445 reference units for 2010-11
Fitting portable-plus-matchup context state for 2011-12
  Calibrated rebound realization on 98,196 opportunities
  Calibrated usage allocation on 228,453 actions
  Fitting antisymmetric spline on 28,472 stints
  Stored 10,698 reference units for 2011-12
Fitting portable-plus-matchup context state for 2012-13
  Calibrated rebound realization on 120,945 opportunities
  Calibrated usage allocation on 282,834 actions
  Fitting antisymmetric spline on 35,310 stints
  Stored 12,174 reference units for 2012-13
Fitting portable-plus-matchup context state for 2013-14
  Calibrated rebound realization on 125,338 opportunities
  Calibrated usage allocation on 295,527 actions
  Fitting antisymmetric spline on 36,529 stints
  Stored 12,564 reference units for 2013-14
Fitting portable-plus-matchup context state for 2014-15
  Calibrated rebound realization on 125,966 opportunities
  Calibrated usage allocation on 291,698 actions
  Fitting antisymmetric spline on 37,549 stints
  Stored 14,650 reference units for 2014-15
Fitting portable-plus-matchup context state for 2015-16
  Calibrated rebound realization on 127,251 opportunities
  Calibrated usage allocation on 297,106 actions
  Fitting antisymmetric spline on 38,073 stints
  Stored 13,088 reference units for 2015-16
Fitting portable-plus-matchup context state for 2016-17
  Calibrated rebound realization on 125,489 opportunities
  Calibrated usage allocation on 295,607 actions
  Fitting antisymmetric spline on 37,334 stints
  Stored 13,206 reference units for 2016-17
Fitting portable-plus-matchup context state for 2017-18
  Calibrated rebound realization on 120,545 opportunities
  Calibrated usage allocation on 283,329 actions
  Fitting antisymmetric spline on 35,547 stints
  Stored 13,764 reference units for 2017-18
Fitting portable-plus-matchup context state for 2018-19
  Calibrated rebound realization on 128,637 opportunities
  Calibrated usage allocation on 301,998 actions
  Fitting antisymmetric spline on 37,294 stints
  Stored 14,940 reference units for 2018-19
Fitting portable-plus-matchup context state for 2019-20
  Calibrated rebound realization on 100,047 opportunities
  Calibrated usage allocation on 236,471 actions
  Fitting antisymmetric spline on 30,088 stints
  Stored 13,026 reference units for 2019-20
Fitting portable-plus-matchup context state for 2020-21
  Calibrated rebound realization on 107,494 opportunities
  Calibrated usage allocation on 254,529 actions
  Fitting antisymmetric spline on 31,073 stints
  Stored 14,733 reference units for 2020-21
Fitting portable-plus-matchup context state for 2021-22
  Calibrated rebound realization on 119,237 opportunities
  Calibrated usage allocation on 279,175 actions
  Fitting antisymmetric spline on 34,601 stints
  Stored 16,841 reference units for 2021-22
Fitting portable-plus-matchup context state for 2022-23
  Calibrated rebound realization on 118,279 opportunities
  Calibrated usage allocation on 287,229 actions
  Fitting antisymmetric spline on 34,823 stints
  Stored 16,361 reference units for 2022-23
Fitting portable-plus-matchup context state for 2023-24
  Calibrated rebound realization on 117,248 opportunities
  Calibrated usage allocation on 281,378 actions
  Fitting antisymmetric spline on 34,022 stints
  Stored 15,386 reference units for 2023-24
Fitting portable-plus-matchup context state for 2024-25
  Calibrated rebound realization on 119,290 opportunities
  Calibrated usage allocation on 282,989 actions
  Fitting antisymmetric spline on 34,859 stints
  Stored 17,472 reference units for 2024-25
Fitting portable-plus-matchup context state for 2025-26
  Calibrated rebound realization on 129,576 opportunities
  Calibrated usage allocation on 310,863 actions
  Fitting antisymmetric spline on 39,918 stints
  Stored 19,701 reference units for 2025-26
HPM v2.2 usage allocation: run=artifacts/models/forward_hpm_v22_usage_allocation/2025-26/forward-hpm-v22-usage-allocation-2025-26-20260814T040310Z-43ed03be
