Preparing exposure cohort through 2025-26 for 30 seasonal fits
Fitting portable-plus-matchup context state for 1996-97
Fitting portable-plus-matchup context state for 1997-98
  Calibrated rebound realization on 117,348 opportunities
/Users/evanzamir/projects/nba-lineup-model/.venv/lib/python3.12/site-packages/sklearn/utils/validation.py:2827: UserWarning: X does not have valid feature names, but SplineTransformer was fitted with feature names
  warnings.warn(
/Users/evanzamir/projects/nba-lineup-model/.venv/lib/python3.12/site-packages/sklearn/utils/validation.py:2827: UserWarning: X does not have valid feature names, but SplineTransformer was fitted with feature names
  warnings.warn(
/Users/evanzamir/projects/nba-lineup-model/.venv/lib/python3.12/site-packages/sklearn/utils/validation.py:2827: UserWarning: X does not have valid feature names, but SplineTransformer was fitted with feature names
  warnings.warn(
/Users/evanzamir/projects/nba-lineup-model/.venv/lib/python3.12/site-packages/sklearn/utils/validation.py:2827: UserWarning: X does not have valid feature names, but SplineTransformer was fitted with feature names
  warnings.warn(
  Fitting antisymmetric spline on 36,732 stints
  Stored 10,417 reference units for 1997-98
Fitting portable-plus-matchup context state for 1998-99
/Users/evanzamir/projects/nba-lineup-model/.venv/lib/python3.12/site-packages/sklearn/utils/validation.py:2827: UserWarning: X does not have valid feature names, but SplineTransformer was fitted with feature names
  warnings.warn(
/Users/evanzamir/projects/nba-lineup-model/.venv/lib/python3.12/site-packages/sklearn/utils/validation.py:2827: UserWarning: X does not have valid feature names, but SplineTransformer was fitted with feature names
  warnings.warn(
/Users/evanzamir/projects/nba-lineup-model/.venv/lib/python3.12/site-packages/sklearn/utils/validation.py:2827: UserWarning: X does not have valid feature names, but SplineTransformer was fitted with feature names
  warnings.warn(
/Users/evanzamir/projects/nba-lineup-model/.venv/lib/python3.12/site-packages/sklearn/utils/validation.py:2827: UserWarning: X does not have valid feature names, but SplineTransformer was fitted with feature names
  warnings.warn(
  Calibrated rebound realization on 72,865 opportunities
/Users/evanzamir/projects/nba-lineup-model/.venv/lib/python3.12/site-packages/sklearn/utils/validation.py:2827: UserWarning: X does not have valid feature names, but SplineTransformer was fitted with feature names
  warnings.warn(
/Users/evanzamir/projects/nba-lineup-model/.venv/lib/python3.12/site-packages/sklearn/utils/validation.py:2827: UserWarning: X does not have valid feature names, but SplineTransformer was fitted with feature names
  warnings.warn(
/Users/evanzamir/projects/nba-lineup-model/.venv/lib/python3.12/site-packages/sklearn/utils/validation.py:2827: UserWarning: X does not have valid feature names, but SplineTransformer was fitted with feature names
  warnings.warn(
/Users/evanzamir/projects/nba-lineup-model/.venv/lib/python3.12/site-packages/sklearn/utils/validation.py:2827: UserWarning: X does not have valid feature names, but SplineTransformer was fitted with feature names
  warnings.warn(
  Fitting antisymmetric spline on 22,666 stints
  Stored 7,322 reference units for 1998-99
Fitting portable-plus-matchup context state for 1999-00
/Users/evanzamir/projects/nba-lineup-model/.venv/lib/python3.12/site-packages/sklearn/utils/validation.py:2827: UserWarning: X does not have valid feature names, but SplineTransformer was fitted with feature names
  warnings.warn(
/Users/evanzamir/projects/nba-lineup-model/.venv/lib/python3.12/site-packages/sklearn/utils/validation.py:2827: UserWarning: X does not have valid feature names, but SplineTransformer was fitted with feature names
  warnings.warn(
/Users/evanzamir/projects/nba-lineup-model/.venv/lib/python3.12/site-packages/sklearn/utils/validation.py:2827: UserWarning: X does not have valid feature names, but SplineTransformer was fitted with feature names
  warnings.warn(
/Users/evanzamir/projects/nba-lineup-model/.venv/lib/python3.12/site-packages/sklearn/utils/validation.py:2827: UserWarning: X does not have valid feature names, but SplineTransformer was fitted with feature names
  warnings.warn(
  Calibrated rebound realization on 121,760 opportunities
/Users/evanzamir/projects/nba-lineup-model/.venv/lib/python3.12/site-packages/sklearn/utils/validation.py:2827: UserWarning: X does not have valid feature names, but SplineTransformer was fitted with feature names
  warnings.warn(
/Users/evanzamir/projects/nba-lineup-model/.venv/lib/python3.12/site-packages/sklearn/utils/validation.py:2827: UserWarning: X does not have valid feature names, but SplineTransformer was fitted with feature names
  warnings.warn(
/Users/evanzamir/projects/nba-lineup-model/.venv/lib/python3.12/site-packages/sklearn/utils/validation.py:2827: UserWarning: X does not have valid feature names, but SplineTransformer was fitted with feature names
  warnings.warn(
/Users/evanzamir/projects/nba-lineup-model/.venv/lib/python3.12/site-packages/sklearn/utils/validation.py:2827: UserWarning: X does not have valid feature names, but SplineTransformer was fitted with feature names
  warnings.warn(
  Fitting antisymmetric spline on 36,832 stints
  Stored 10,098 reference units for 1999-00
Fitting portable-plus-matchup context state for 2000-01
/Users/evanzamir/projects/nba-lineup-model/.venv/lib/python3.12/site-packages/sklearn/utils/validation.py:2827: UserWarning: X does not have valid feature names, but SplineTransformer was fitted with feature names
  warnings.warn(
/Users/evanzamir/projects/nba-lineup-model/.venv/lib/python3.12/site-packages/sklearn/utils/validation.py:2827: UserWarning: X does not have valid feature names, but SplineTransformer was fitted with feature names
  warnings.warn(
/Users/evanzamir/projects/nba-lineup-model/.venv/lib/python3.12/site-packages/sklearn/utils/validation.py:2827: UserWarning: X does not have valid feature names, but SplineTransformer was fitted with feature names
  warnings.warn(
/Users/evanzamir/projects/nba-lineup-model/.venv/lib/python3.12/site-packages/sklearn/utils/validation.py:2827: UserWarning: X does not have valid feature names, but SplineTransformer was fitted with feature names
  warnings.warn(
  Calibrated rebound realization on 118,879 opportunities
/Users/evanzamir/projects/nba-lineup-model/.venv/lib/python3.12/site-packages/sklearn/utils/validation.py:2827: UserWarning: X does not have valid feature names, but SplineTransformer was fitted with feature names
  warnings.warn(
/Users/evanzamir/projects/nba-lineup-model/.venv/lib/python3.12/site-packages/sklearn/utils/validation.py:2827: UserWarning: X does not have valid feature names, but SplineTransformer was fitted with feature names
  warnings.warn(
/Users/evanzamir/projects/nba-lineup-model/.venv/lib/python3.12/site-packages/sklearn/utils/validation.py:2827: UserWarning: X does not have valid feature names, but SplineTransformer was fitted with feature names
  warnings.warn(
/Users/evanzamir/projects/nba-lineup-model/.venv/lib/python3.12/site-packages/sklearn/utils/validation.py:2827: UserWarning: X does not have valid feature names, but SplineTransformer was fitted with feature names
  warnings.warn(
  Fitting antisymmetric spline on 34,416 stints
  Stored 10,281 reference units for 2000-01
Fitting portable-plus-matchup context state for 2001-02
/Users/evanzamir/projects/nba-lineup-model/.venv/lib/python3.12/site-packages/sklearn/utils/validation.py:2827: UserWarning: X does not have valid feature names, but SplineTransformer was fitted with feature names
  warnings.warn(
/Users/evanzamir/projects/nba-lineup-model/.venv/lib/python3.12/site-packages/sklearn/utils/validation.py:2827: UserWarning: X does not have valid feature names, but SplineTransformer was fitted with feature names
  warnings.warn(
/Users/evanzamir/projects/nba-lineup-model/.venv/lib/python3.12/site-packages/sklearn/utils/validation.py:2827: UserWarning: X does not have valid feature names, but SplineTransformer was fitted with feature names
  warnings.warn(
/Users/evanzamir/projects/nba-lineup-model/.venv/lib/python3.12/site-packages/sklearn/utils/validation.py:2827: UserWarning: X does not have valid feature names, but SplineTransformer was fitted with feature names
  warnings.warn(
  Calibrated rebound realization on 120,125 opportunities
/Users/evanzamir/projects/nba-lineup-model/.venv/lib/python3.12/site-packages/sklearn/utils/validation.py:2827: UserWarning: X does not have valid feature names, but SplineTransformer was fitted with feature names
  warnings.warn(
/Users/evanzamir/projects/nba-lineup-model/.venv/lib/python3.12/site-packages/sklearn/utils/validation.py:2827: UserWarning: X does not have valid feature names, but SplineTransformer was fitted with feature names
  warnings.warn(
/Users/evanzamir/projects/nba-lineup-model/.venv/lib/python3.12/site-packages/sklearn/utils/validation.py:2827: UserWarning: X does not have valid feature names, but SplineTransformer was fitted with feature names
  warnings.warn(
/Users/evanzamir/projects/nba-lineup-model/.venv/lib/python3.12/site-packages/sklearn/utils/validation.py:2827: UserWarning: X does not have valid feature names, but SplineTransformer was fitted with feature names
  warnings.warn(
  Fitting antisymmetric spline on 34,562 stints
  Stored 9,696 reference units for 2001-02
Fitting portable-plus-matchup context state for 2002-03
/Users/evanzamir/projects/nba-lineup-model/.venv/lib/python3.12/site-packages/sklearn/utils/validation.py:2827: UserWarning: X does not have valid feature names, but SplineTransformer was fitted with feature names
  warnings.warn(
/Users/evanzamir/projects/nba-lineup-model/.venv/lib/python3.12/site-packages/sklearn/utils/validation.py:2827: UserWarning: X does not have valid feature names, but SplineTransformer was fitted with feature names
  warnings.warn(
/Users/evanzamir/projects/nba-lineup-model/.venv/lib/python3.12/site-packages/sklearn/utils/validation.py:2827: UserWarning: X does not have valid feature names, but SplineTransformer was fitted with feature names
  warnings.warn(
/Users/evanzamir/projects/nba-lineup-model/.venv/lib/python3.12/site-packages/sklearn/utils/validation.py:2827: UserWarning: X does not have valid feature names, but SplineTransformer was fitted with feature names
  warnings.warn(
  Calibrated rebound realization on 119,377 opportunities
/Users/evanzamir/projects/nba-lineup-model/.venv/lib/python3.12/site-packages/sklearn/utils/validation.py:2827: UserWarning: X does not have valid feature names, but SplineTransformer was fitted with feature names
  warnings.warn(
/Users/evanzamir/projects/nba-lineup-model/.venv/lib/python3.12/site-packages/sklearn/utils/validation.py:2827: UserWarning: X does not have valid feature names, but SplineTransformer was fitted with feature names
  warnings.warn(
/Users/evanzamir/projects/nba-lineup-model/.venv/lib/python3.12/site-packages/sklearn/utils/validation.py:2827: UserWarning: X does not have valid feature names, but SplineTransformer was fitted with feature names
  warnings.warn(
/Users/evanzamir/projects/nba-lineup-model/.venv/lib/python3.12/site-packages/sklearn/utils/validation.py:2827: UserWarning: X does not have valid feature names, but SplineTransformer was fitted with feature names
  warnings.warn(
  Fitting antisymmetric spline on 34,452 stints
  Stored 8,979 reference units for 2002-03
Fitting portable-plus-matchup context state for 2003-04
/Users/evanzamir/projects/nba-lineup-model/.venv/lib/python3.12/site-packages/sklearn/utils/validation.py:2827: UserWarning: X does not have valid feature names, but SplineTransformer was fitted with feature names
  warnings.warn(
/Users/evanzamir/projects/nba-lineup-model/.venv/lib/python3.12/site-packages/sklearn/utils/validation.py:2827: UserWarning: X does not have valid feature names, but SplineTransformer was fitted with feature names
  warnings.warn(
/Users/evanzamir/projects/nba-lineup-model/.venv/lib/python3.12/site-packages/sklearn/utils/validation.py:2827: UserWarning: X does not have valid feature names, but SplineTransformer was fitted with feature names
  warnings.warn(
/Users/evanzamir/projects/nba-lineup-model/.venv/lib/python3.12/site-packages/sklearn/utils/validation.py:2827: UserWarning: X does not have valid feature names, but SplineTransformer was fitted with feature names
  warnings.warn(
  Calibrated rebound realization on 119,727 opportunities
/Users/evanzamir/projects/nba-lineup-model/.venv/lib/python3.12/site-packages/sklearn/utils/validation.py:2827: UserWarning: X does not have valid feature names, but SplineTransformer was fitted with feature names
  warnings.warn(
/Users/evanzamir/projects/nba-lineup-model/.venv/lib/python3.12/site-packages/sklearn/utils/validation.py:2827: UserWarning: X does not have valid feature names, but SplineTransformer was fitted with feature names
  warnings.warn(
/Users/evanzamir/projects/nba-lineup-model/.venv/lib/python3.12/site-packages/sklearn/utils/validation.py:2827: UserWarning: X does not have valid feature names, but SplineTransformer was fitted with feature names
  warnings.warn(
/Users/evanzamir/projects/nba-lineup-model/.venv/lib/python3.12/site-packages/sklearn/utils/validation.py:2827: UserWarning: X does not have valid feature names, but SplineTransformer was fitted with feature names
  warnings.warn(
  Fitting antisymmetric spline on 34,912 stints
  Stored 10,809 reference units for 2003-04
Fitting portable-plus-matchup context state for 2004-05
/Users/evanzamir/projects/nba-lineup-model/.venv/lib/python3.12/site-packages/sklearn/utils/validation.py:2827: UserWarning: X does not have valid feature names, but SplineTransformer was fitted with feature names
  warnings.warn(
/Users/evanzamir/projects/nba-lineup-model/.venv/lib/python3.12/site-packages/sklearn/utils/validation.py:2827: UserWarning: X does not have valid feature names, but SplineTransformer was fitted with feature names
  warnings.warn(
/Users/evanzamir/projects/nba-lineup-model/.venv/lib/python3.12/site-packages/sklearn/utils/validation.py:2827: UserWarning: X does not have valid feature names, but SplineTransformer was fitted with feature names
  warnings.warn(
/Users/evanzamir/projects/nba-lineup-model/.venv/lib/python3.12/site-packages/sklearn/utils/validation.py:2827: UserWarning: X does not have valid feature names, but SplineTransformer was fitted with feature names
  warnings.warn(
  Calibrated rebound realization on 122,671 opportunities
/Users/evanzamir/projects/nba-lineup-model/.venv/lib/python3.12/site-packages/sklearn/utils/validation.py:2827: UserWarning: X does not have valid feature names, but SplineTransformer was fitted with feature names
  warnings.warn(
/Users/evanzamir/projects/nba-lineup-model/.venv/lib/python3.12/site-packages/sklearn/utils/validation.py:2827: UserWarning: X does not have valid feature names, but SplineTransformer was fitted with feature names
  warnings.warn(
/Users/evanzamir/projects/nba-lineup-model/.venv/lib/python3.12/site-packages/sklearn/utils/validation.py:2827: UserWarning: X does not have valid feature names, but SplineTransformer was fitted with feature names
  warnings.warn(
/Users/evanzamir/projects/nba-lineup-model/.venv/lib/python3.12/site-packages/sklearn/utils/validation.py:2827: UserWarning: X does not have valid feature names, but SplineTransformer was fitted with feature names
  warnings.warn(
  Fitting antisymmetric spline on 38,162 stints
  Stored 12,877 reference units for 2004-05
Fitting portable-plus-matchup context state for 2005-06
/Users/evanzamir/projects/nba-lineup-model/.venv/lib/python3.12/site-packages/sklearn/utils/validation.py:2827: UserWarning: X does not have valid feature names, but SplineTransformer was fitted with feature names
  warnings.warn(
/Users/evanzamir/projects/nba-lineup-model/.venv/lib/python3.12/site-packages/sklearn/utils/validation.py:2827: UserWarning: X does not have valid feature names, but SplineTransformer was fitted with feature names
  warnings.warn(
/Users/evanzamir/projects/nba-lineup-model/.venv/lib/python3.12/site-packages/sklearn/utils/validation.py:2827: UserWarning: X does not have valid feature names, but SplineTransformer was fitted with feature names
  warnings.warn(
/Users/evanzamir/projects/nba-lineup-model/.venv/lib/python3.12/site-packages/sklearn/utils/validation.py:2827: UserWarning: X does not have valid feature names, but SplineTransformer was fitted with feature names
  warnings.warn(
  Calibrated rebound realization on 120,173 opportunities
/Users/evanzamir/projects/nba-lineup-model/.venv/lib/python3.12/site-packages/sklearn/utils/validation.py:2827: UserWarning: X does not have valid feature names, but SplineTransformer was fitted with feature names
  warnings.warn(
/Users/evanzamir/projects/nba-lineup-model/.venv/lib/python3.12/site-packages/sklearn/utils/validation.py:2827: UserWarning: X does not have valid feature names, but SplineTransformer was fitted with feature names
  warnings.warn(
/Users/evanzamir/projects/nba-lineup-model/.venv/lib/python3.12/site-packages/sklearn/utils/validation.py:2827: UserWarning: X does not have valid feature names, but SplineTransformer was fitted with feature names
  warnings.warn(
/Users/evanzamir/projects/nba-lineup-model/.venv/lib/python3.12/site-packages/sklearn/utils/validation.py:2827: UserWarning: X does not have valid feature names, but SplineTransformer was fitted with feature names
  warnings.warn(
  Fitting antisymmetric spline on 37,989 stints
  Stored 12,512 reference units for 2005-06
Fitting portable-plus-matchup context state for 2006-07
/Users/evanzamir/projects/nba-lineup-model/.venv/lib/python3.12/site-packages/sklearn/utils/validation.py:2827: UserWarning: X does not have valid feature names, but SplineTransformer was fitted with feature names
  warnings.warn(
/Users/evanzamir/projects/nba-lineup-model/.venv/lib/python3.12/site-packages/sklearn/utils/validation.py:2827: UserWarning: X does not have valid feature names, but SplineTransformer was fitted with feature names
  warnings.warn(
/Users/evanzamir/projects/nba-lineup-model/.venv/lib/python3.12/site-packages/sklearn/utils/validation.py:2827: UserWarning: X does not have valid feature names, but SplineTransformer was fitted with feature names
  warnings.warn(
/Users/evanzamir/projects/nba-lineup-model/.venv/lib/python3.12/site-packages/sklearn/utils/validation.py:2827: UserWarning: X does not have valid feature names, but SplineTransformer was fitted with feature names
  warnings.warn(
  Calibrated rebound realization on 121,137 opportunities
/Users/evanzamir/projects/nba-lineup-model/.venv/lib/python3.12/site-packages/sklearn/utils/validation.py:2827: UserWarning: X does not have valid feature names, but SplineTransformer was fitted with feature names
  warnings.warn(
/Users/evanzamir/projects/nba-lineup-model/.venv/lib/python3.12/site-packages/sklearn/utils/validation.py:2827: UserWarning: X does not have valid feature names, but SplineTransformer was fitted with feature names
  warnings.warn(
/Users/evanzamir/projects/nba-lineup-model/.venv/lib/python3.12/site-packages/sklearn/utils/validation.py:2827: UserWarning: X does not have valid feature names, but SplineTransformer was fitted with feature names
  warnings.warn(
/Users/evanzamir/projects/nba-lineup-model/.venv/lib/python3.12/site-packages/sklearn/utils/validation.py:2827: UserWarning: X does not have valid feature names, but SplineTransformer was fitted with feature names
  warnings.warn(
  Fitting antisymmetric spline on 38,915 stints
  Stored 12,705 reference units for 2006-07
Fitting portable-plus-matchup context state for 2007-08
/Users/evanzamir/projects/nba-lineup-model/.venv/lib/python3.12/site-packages/sklearn/utils/validation.py:2827: UserWarning: X does not have valid feature names, but SplineTransformer was fitted with feature names
  warnings.warn(
/Users/evanzamir/projects/nba-lineup-model/.venv/lib/python3.12/site-packages/sklearn/utils/validation.py:2827: UserWarning: X does not have valid feature names, but SplineTransformer was fitted with feature names
  warnings.warn(
/Users/evanzamir/projects/nba-lineup-model/.venv/lib/python3.12/site-packages/sklearn/utils/validation.py:2827: UserWarning: X does not have valid feature names, but SplineTransformer was fitted with feature names
  warnings.warn(
/Users/evanzamir/projects/nba-lineup-model/.venv/lib/python3.12/site-packages/sklearn/utils/validation.py:2827: UserWarning: X does not have valid feature names, but SplineTransformer was fitted with feature names
  warnings.warn(
  Calibrated rebound realization on 123,652 opportunities
/Users/evanzamir/projects/nba-lineup-model/.venv/lib/python3.12/site-packages/sklearn/utils/validation.py:2827: UserWarning: X does not have valid feature names, but SplineTransformer was fitted with feature names
  warnings.warn(
/Users/evanzamir/projects/nba-lineup-model/.venv/lib/python3.12/site-packages/sklearn/utils/validation.py:2827: UserWarning: X does not have valid feature names, but SplineTransformer was fitted with feature names
  warnings.warn(
/Users/evanzamir/projects/nba-lineup-model/.venv/lib/python3.12/site-packages/sklearn/utils/validation.py:2827: UserWarning: X does not have valid feature names, but SplineTransformer was fitted with feature names
  warnings.warn(
/Users/evanzamir/projects/nba-lineup-model/.venv/lib/python3.12/site-packages/sklearn/utils/validation.py:2827: UserWarning: X does not have valid feature names, but SplineTransformer was fitted with feature names
  warnings.warn(
  Fitting antisymmetric spline on 36,865 stints
  Stored 12,170 reference units for 2007-08
Fitting portable-plus-matchup context state for 2008-09
/Users/evanzamir/projects/nba-lineup-model/.venv/lib/python3.12/site-packages/sklearn/utils/validation.py:2827: UserWarning: X does not have valid feature names, but SplineTransformer was fitted with feature names
  warnings.warn(
/Users/evanzamir/projects/nba-lineup-model/.venv/lib/python3.12/site-packages/sklearn/utils/validation.py:2827: UserWarning: X does not have valid feature names, but SplineTransformer was fitted with feature names
  warnings.warn(
/Users/evanzamir/projects/nba-lineup-model/.venv/lib/python3.12/site-packages/sklearn/utils/validation.py:2827: UserWarning: X does not have valid feature names, but SplineTransformer was fitted with feature names
  warnings.warn(
/Users/evanzamir/projects/nba-lineup-model/.venv/lib/python3.12/site-packages/sklearn/utils/validation.py:2827: UserWarning: X does not have valid feature names, but SplineTransformer was fitted with feature names
  warnings.warn(
  Calibrated rebound realization on 120,443 opportunities
/Users/evanzamir/projects/nba-lineup-model/.venv/lib/python3.12/site-packages/sklearn/utils/validation.py:2827: UserWarning: X does not have valid feature names, but SplineTransformer was fitted with feature names
  warnings.warn(
/Users/evanzamir/projects/nba-lineup-model/.venv/lib/python3.12/site-packages/sklearn/utils/validation.py:2827: UserWarning: X does not have valid feature names, but SplineTransformer was fitted with feature names
  warnings.warn(
/Users/evanzamir/projects/nba-lineup-model/.venv/lib/python3.12/site-packages/sklearn/utils/validation.py:2827: UserWarning: X does not have valid feature names, but SplineTransformer was fitted with feature names
  warnings.warn(
/Users/evanzamir/projects/nba-lineup-model/.venv/lib/python3.12/site-packages/sklearn/utils/validation.py:2827: UserWarning: X does not have valid feature names, but SplineTransformer was fitted with feature names
  warnings.warn(
  Fitting antisymmetric spline on 35,909 stints
  Stored 11,527 reference units for 2008-09
Fitting portable-plus-matchup context state for 2009-10
/Users/evanzamir/projects/nba-lineup-model/.venv/lib/python3.12/site-packages/sklearn/utils/validation.py:2827: UserWarning: X does not have valid feature names, but SplineTransformer was fitted with feature names
  warnings.warn(
/Users/evanzamir/projects/nba-lineup-model/.venv/lib/python3.12/site-packages/sklearn/utils/validation.py:2827: UserWarning: X does not have valid feature names, but SplineTransformer was fitted with feature names
  warnings.warn(
/Users/evanzamir/projects/nba-lineup-model/.venv/lib/python3.12/site-packages/sklearn/utils/validation.py:2827: UserWarning: X does not have valid feature names, but SplineTransformer was fitted with feature names
  warnings.warn(
/Users/evanzamir/projects/nba-lineup-model/.venv/lib/python3.12/site-packages/sklearn/utils/validation.py:2827: UserWarning: X does not have valid feature names, but SplineTransformer was fitted with feature names
  warnings.warn(
  Calibrated rebound realization on 120,999 opportunities
/Users/evanzamir/projects/nba-lineup-model/.venv/lib/python3.12/site-packages/sklearn/utils/validation.py:2827: UserWarning: X does not have valid feature names, but SplineTransformer was fitted with feature names
  warnings.warn(
/Users/evanzamir/projects/nba-lineup-model/.venv/lib/python3.12/site-packages/sklearn/utils/validation.py:2827: UserWarning: X does not have valid feature names, but SplineTransformer was fitted with feature names
  warnings.warn(
/Users/evanzamir/projects/nba-lineup-model/.venv/lib/python3.12/site-packages/sklearn/utils/validation.py:2827: UserWarning: X does not have valid feature names, but SplineTransformer was fitted with feature names
  warnings.warn(
/Users/evanzamir/projects/nba-lineup-model/.venv/lib/python3.12/site-packages/sklearn/utils/validation.py:2827: UserWarning: X does not have valid feature names, but SplineTransformer was fitted with feature names
  warnings.warn(
  Fitting antisymmetric spline on 35,867 stints
  Stored 11,510 reference units for 2009-10
Fitting portable-plus-matchup context state for 2010-11
/Users/evanzamir/projects/nba-lineup-model/.venv/lib/python3.12/site-packages/sklearn/utils/validation.py:2827: UserWarning: X does not have valid feature names, but SplineTransformer was fitted with feature names
  warnings.warn(
/Users/evanzamir/projects/nba-lineup-model/.venv/lib/python3.12/site-packages/sklearn/utils/validation.py:2827: UserWarning: X does not have valid feature names, but SplineTransformer was fitted with feature names
  warnings.warn(
/Users/evanzamir/projects/nba-lineup-model/.venv/lib/python3.12/site-packages/sklearn/utils/validation.py:2827: UserWarning: X does not have valid feature names, but SplineTransformer was fitted with feature names
  warnings.warn(
/Users/evanzamir/projects/nba-lineup-model/.venv/lib/python3.12/site-packages/sklearn/utils/validation.py:2827: UserWarning: X does not have valid feature names, but SplineTransformer was fitted with feature names
  warnings.warn(
  Calibrated rebound realization on 121,823 opportunities
/Users/evanzamir/projects/nba-lineup-model/.venv/lib/python3.12/site-packages/sklearn/utils/validation.py:2827: UserWarning: X does not have valid feature names, but SplineTransformer was fitted with feature names
  warnings.warn(
/Users/evanzamir/projects/nba-lineup-model/.venv/lib/python3.12/site-packages/sklearn/utils/validation.py:2827: UserWarning: X does not have valid feature names, but SplineTransformer was fitted with feature names
  warnings.warn(
/Users/evanzamir/projects/nba-lineup-model/.venv/lib/python3.12/site-packages/sklearn/utils/validation.py:2827: UserWarning: X does not have valid feature names, but SplineTransformer was fitted with feature names
  warnings.warn(
/Users/evanzamir/projects/nba-lineup-model/.venv/lib/python3.12/site-packages/sklearn/utils/validation.py:2827: UserWarning: X does not have valid feature names, but SplineTransformer was fitted with feature names
  warnings.warn(
  Fitting antisymmetric spline on 37,089 stints
  Stored 12,433 reference units for 2010-11
Fitting portable-plus-matchup context state for 2011-12
/Users/evanzamir/projects/nba-lineup-model/.venv/lib/python3.12/site-packages/sklearn/utils/validation.py:2827: UserWarning: X does not have valid feature names, but SplineTransformer was fitted with feature names
  warnings.warn(
/Users/evanzamir/projects/nba-lineup-model/.venv/lib/python3.12/site-packages/sklearn/utils/validation.py:2827: UserWarning: X does not have valid feature names, but SplineTransformer was fitted with feature names
  warnings.warn(
/Users/evanzamir/projects/nba-lineup-model/.venv/lib/python3.12/site-packages/sklearn/utils/validation.py:2827: UserWarning: X does not have valid feature names, but SplineTransformer was fitted with feature names
  warnings.warn(
/Users/evanzamir/projects/nba-lineup-model/.venv/lib/python3.12/site-packages/sklearn/utils/validation.py:2827: UserWarning: X does not have valid feature names, but SplineTransformer was fitted with feature names
  warnings.warn(
  Calibrated rebound realization on 98,196 opportunities
/Users/evanzamir/projects/nba-lineup-model/.venv/lib/python3.12/site-packages/sklearn/utils/validation.py:2827: UserWarning: X does not have valid feature names, but SplineTransformer was fitted with feature names
  warnings.warn(
/Users/evanzamir/projects/nba-lineup-model/.venv/lib/python3.12/site-packages/sklearn/utils/validation.py:2827: UserWarning: X does not have valid feature names, but SplineTransformer was fitted with feature names
  warnings.warn(
/Users/evanzamir/projects/nba-lineup-model/.venv/lib/python3.12/site-packages/sklearn/utils/validation.py:2827: UserWarning: X does not have valid feature names, but SplineTransformer was fitted with feature names
  warnings.warn(
/Users/evanzamir/projects/nba-lineup-model/.venv/lib/python3.12/site-packages/sklearn/utils/validation.py:2827: UserWarning: X does not have valid feature names, but SplineTransformer was fitted with feature names
  warnings.warn(
  Fitting antisymmetric spline on 28,472 stints
  Stored 10,697 reference units for 2011-12
Fitting portable-plus-matchup context state for 2012-13
/Users/evanzamir/projects/nba-lineup-model/.venv/lib/python3.12/site-packages/sklearn/utils/validation.py:2827: UserWarning: X does not have valid feature names, but SplineTransformer was fitted with feature names
  warnings.warn(
/Users/evanzamir/projects/nba-lineup-model/.venv/lib/python3.12/site-packages/sklearn/utils/validation.py:2827: UserWarning: X does not have valid feature names, but SplineTransformer was fitted with feature names
  warnings.warn(
/Users/evanzamir/projects/nba-lineup-model/.venv/lib/python3.12/site-packages/sklearn/utils/validation.py:2827: UserWarning: X does not have valid feature names, but SplineTransformer was fitted with feature names
  warnings.warn(
/Users/evanzamir/projects/nba-lineup-model/.venv/lib/python3.12/site-packages/sklearn/utils/validation.py:2827: UserWarning: X does not have valid feature names, but SplineTransformer was fitted with feature names
  warnings.warn(
  Calibrated rebound realization on 120,945 opportunities
/Users/evanzamir/projects/nba-lineup-model/.venv/lib/python3.12/site-packages/sklearn/utils/validation.py:2827: UserWarning: X does not have valid feature names, but SplineTransformer was fitted with feature names
  warnings.warn(
/Users/evanzamir/projects/nba-lineup-model/.venv/lib/python3.12/site-packages/sklearn/utils/validation.py:2827: UserWarning: X does not have valid feature names, but SplineTransformer was fitted with feature names
  warnings.warn(
/Users/evanzamir/projects/nba-lineup-model/.venv/lib/python3.12/site-packages/sklearn/utils/validation.py:2827: UserWarning: X does not have valid feature names, but SplineTransformer was fitted with feature names
  warnings.warn(
/Users/evanzamir/projects/nba-lineup-model/.venv/lib/python3.12/site-packages/sklearn/utils/validation.py:2827: UserWarning: X does not have valid feature names, but SplineTransformer was fitted with feature names
  warnings.warn(
  Fitting antisymmetric spline on 35,310 stints
  Stored 12,169 reference units for 2012-13
Fitting portable-plus-matchup context state for 2013-14
/Users/evanzamir/projects/nba-lineup-model/.venv/lib/python3.12/site-packages/sklearn/utils/validation.py:2827: UserWarning: X does not have valid feature names, but SplineTransformer was fitted with feature names
  warnings.warn(
/Users/evanzamir/projects/nba-lineup-model/.venv/lib/python3.12/site-packages/sklearn/utils/validation.py:2827: UserWarning: X does not have valid feature names, but SplineTransformer was fitted with feature names
  warnings.warn(
/Users/evanzamir/projects/nba-lineup-model/.venv/lib/python3.12/site-packages/sklearn/utils/validation.py:2827: UserWarning: X does not have valid feature names, but SplineTransformer was fitted with feature names
  warnings.warn(
/Users/evanzamir/projects/nba-lineup-model/.venv/lib/python3.12/site-packages/sklearn/utils/validation.py:2827: UserWarning: X does not have valid feature names, but SplineTransformer was fitted with feature names
  warnings.warn(
  Calibrated rebound realization on 125,338 opportunities
/Users/evanzamir/projects/nba-lineup-model/.venv/lib/python3.12/site-packages/sklearn/utils/validation.py:2827: UserWarning: X does not have valid feature names, but SplineTransformer was fitted with feature names
  warnings.warn(
/Users/evanzamir/projects/nba-lineup-model/.venv/lib/python3.12/site-packages/sklearn/utils/validation.py:2827: UserWarning: X does not have valid feature names, but SplineTransformer was fitted with feature names
  warnings.warn(
/Users/evanzamir/projects/nba-lineup-model/.venv/lib/python3.12/site-packages/sklearn/utils/validation.py:2827: UserWarning: X does not have valid feature names, but SplineTransformer was fitted with feature names
  warnings.warn(
/Users/evanzamir/projects/nba-lineup-model/.venv/lib/python3.12/site-packages/sklearn/utils/validation.py:2827: UserWarning: X does not have valid feature names, but SplineTransformer was fitted with feature names
  warnings.warn(
  Fitting antisymmetric spline on 36,529 stints
  Stored 12,556 reference units for 2013-14
Fitting portable-plus-matchup context state for 2014-15
/Users/evanzamir/projects/nba-lineup-model/.venv/lib/python3.12/site-packages/sklearn/utils/validation.py:2827: UserWarning: X does not have valid feature names, but SplineTransformer was fitted with feature names
  warnings.warn(
/Users/evanzamir/projects/nba-lineup-model/.venv/lib/python3.12/site-packages/sklearn/utils/validation.py:2827: UserWarning: X does not have valid feature names, but SplineTransformer was fitted with feature names
  warnings.warn(
/Users/evanzamir/projects/nba-lineup-model/.venv/lib/python3.12/site-packages/sklearn/utils/validation.py:2827: UserWarning: X does not have valid feature names, but SplineTransformer was fitted with feature names
  warnings.warn(
/Users/evanzamir/projects/nba-lineup-model/.venv/lib/python3.12/site-packages/sklearn/utils/validation.py:2827: UserWarning: X does not have valid feature names, but SplineTransformer was fitted with feature names
  warnings.warn(
  Calibrated rebound realization on 125,966 opportunities
/Users/evanzamir/projects/nba-lineup-model/.venv/lib/python3.12/site-packages/sklearn/utils/validation.py:2827: UserWarning: X does not have valid feature names, but SplineTransformer was fitted with feature names
  warnings.warn(
/Users/evanzamir/projects/nba-lineup-model/.venv/lib/python3.12/site-packages/sklearn/utils/validation.py:2827: UserWarning: X does not have valid feature names, but SplineTransformer was fitted with feature names
  warnings.warn(
/Users/evanzamir/projects/nba-lineup-model/.venv/lib/python3.12/site-packages/sklearn/utils/validation.py:2827: UserWarning: X does not have valid feature names, but SplineTransformer was fitted with feature names
  warnings.warn(
/Users/evanzamir/projects/nba-lineup-model/.venv/lib/python3.12/site-packages/sklearn/utils/validation.py:2827: UserWarning: X does not have valid feature names, but SplineTransformer was fitted with feature names
  warnings.warn(
  Fitting antisymmetric spline on 37,549 stints
  Stored 14,644 reference units for 2014-15
Fitting portable-plus-matchup context state for 2015-16
/Users/evanzamir/projects/nba-lineup-model/.venv/lib/python3.12/site-packages/sklearn/utils/validation.py:2827: UserWarning: X does not have valid feature names, but SplineTransformer was fitted with feature names
  warnings.warn(
/Users/evanzamir/projects/nba-lineup-model/.venv/lib/python3.12/site-packages/sklearn/utils/validation.py:2827: UserWarning: X does not have valid feature names, but SplineTransformer was fitted with feature names
  warnings.warn(
/Users/evanzamir/projects/nba-lineup-model/.venv/lib/python3.12/site-packages/sklearn/utils/validation.py:2827: UserWarning: X does not have valid feature names, but SplineTransformer was fitted with feature names
  warnings.warn(
/Users/evanzamir/projects/nba-lineup-model/.venv/lib/python3.12/site-packages/sklearn/utils/validation.py:2827: UserWarning: X does not have valid feature names, but SplineTransformer was fitted with feature names
  warnings.warn(
  Calibrated rebound realization on 127,251 opportunities
/Users/evanzamir/projects/nba-lineup-model/.venv/lib/python3.12/site-packages/sklearn/utils/validation.py:2827: UserWarning: X does not have valid feature names, but SplineTransformer was fitted with feature names
  warnings.warn(
/Users/evanzamir/projects/nba-lineup-model/.venv/lib/python3.12/site-packages/sklearn/utils/validation.py:2827: UserWarning: X does not have valid feature names, but SplineTransformer was fitted with feature names
  warnings.warn(
/Users/evanzamir/projects/nba-lineup-model/.venv/lib/python3.12/site-packages/sklearn/utils/validation.py:2827: UserWarning: X does not have valid feature names, but SplineTransformer was fitted with feature names
  warnings.warn(
/Users/evanzamir/projects/nba-lineup-model/.venv/lib/python3.12/site-packages/sklearn/utils/validation.py:2827: UserWarning: X does not have valid feature names, but SplineTransformer was fitted with feature names
  warnings.warn(
  Fitting antisymmetric spline on 38,073 stints
  Stored 13,087 reference units for 2015-16
Fitting portable-plus-matchup context state for 2016-17
/Users/evanzamir/projects/nba-lineup-model/.venv/lib/python3.12/site-packages/sklearn/utils/validation.py:2827: UserWarning: X does not have valid feature names, but SplineTransformer was fitted with feature names
  warnings.warn(
/Users/evanzamir/projects/nba-lineup-model/.venv/lib/python3.12/site-packages/sklearn/utils/validation.py:2827: UserWarning: X does not have valid feature names, but SplineTransformer was fitted with feature names
  warnings.warn(
/Users/evanzamir/projects/nba-lineup-model/.venv/lib/python3.12/site-packages/sklearn/utils/validation.py:2827: UserWarning: X does not have valid feature names, but SplineTransformer was fitted with feature names
  warnings.warn(
/Users/evanzamir/projects/nba-lineup-model/.venv/lib/python3.12/site-packages/sklearn/utils/validation.py:2827: UserWarning: X does not have valid feature names, but SplineTransformer was fitted with feature names
  warnings.warn(
  Calibrated rebound realization on 125,489 opportunities
/Users/evanzamir/projects/nba-lineup-model/.venv/lib/python3.12/site-packages/sklearn/utils/validation.py:2827: UserWarning: X does not have valid feature names, but SplineTransformer was fitted with feature names
  warnings.warn(
/Users/evanzamir/projects/nba-lineup-model/.venv/lib/python3.12/site-packages/sklearn/utils/validation.py:2827: UserWarning: X does not have valid feature names, but SplineTransformer was fitted with feature names
  warnings.warn(
/Users/evanzamir/projects/nba-lineup-model/.venv/lib/python3.12/site-packages/sklearn/utils/validation.py:2827: UserWarning: X does not have valid feature names, but SplineTransformer was fitted with feature names
  warnings.warn(
/Users/evanzamir/projects/nba-lineup-model/.venv/lib/python3.12/site-packages/sklearn/utils/validation.py:2827: UserWarning: X does not have valid feature names, but SplineTransformer was fitted with feature names
  warnings.warn(
  Fitting antisymmetric spline on 37,334 stints
  Stored 13,206 reference units for 2016-17
Fitting portable-plus-matchup context state for 2017-18
/Users/evanzamir/projects/nba-lineup-model/.venv/lib/python3.12/site-packages/sklearn/utils/validation.py:2827: UserWarning: X does not have valid feature names, but SplineTransformer was fitted with feature names
  warnings.warn(
/Users/evanzamir/projects/nba-lineup-model/.venv/lib/python3.12/site-packages/sklearn/utils/validation.py:2827: UserWarning: X does not have valid feature names, but SplineTransformer was fitted with feature names
  warnings.warn(
/Users/evanzamir/projects/nba-lineup-model/.venv/lib/python3.12/site-packages/sklearn/utils/validation.py:2827: UserWarning: X does not have valid feature names, but SplineTransformer was fitted with feature names
  warnings.warn(
/Users/evanzamir/projects/nba-lineup-model/.venv/lib/python3.12/site-packages/sklearn/utils/validation.py:2827: UserWarning: X does not have valid feature names, but SplineTransformer was fitted with feature names
  warnings.warn(
  Calibrated rebound realization on 120,545 opportunities
/Users/evanzamir/projects/nba-lineup-model/.venv/lib/python3.12/site-packages/sklearn/utils/validation.py:2827: UserWarning: X does not have valid feature names, but SplineTransformer was fitted with feature names
  warnings.warn(
/Users/evanzamir/projects/nba-lineup-model/.venv/lib/python3.12/site-packages/sklearn/utils/validation.py:2827: UserWarning: X does not have valid feature names, but SplineTransformer was fitted with feature names
  warnings.warn(
/Users/evanzamir/projects/nba-lineup-model/.venv/lib/python3.12/site-packages/sklearn/utils/validation.py:2827: UserWarning: X does not have valid feature names, but SplineTransformer was fitted with feature names
  warnings.warn(
/Users/evanzamir/projects/nba-lineup-model/.venv/lib/python3.12/site-packages/sklearn/utils/validation.py:2827: UserWarning: X does not have valid feature names, but SplineTransformer was fitted with feature names
  warnings.warn(
  Fitting antisymmetric spline on 35,547 stints
  Stored 13,763 reference units for 2017-18
Fitting portable-plus-matchup context state for 2018-19
/Users/evanzamir/projects/nba-lineup-model/.venv/lib/python3.12/site-packages/sklearn/utils/validation.py:2827: UserWarning: X does not have valid feature names, but SplineTransformer was fitted with feature names
  warnings.warn(
/Users/evanzamir/projects/nba-lineup-model/.venv/lib/python3.12/site-packages/sklearn/utils/validation.py:2827: UserWarning: X does not have valid feature names, but SplineTransformer was fitted with feature names
  warnings.warn(
/Users/evanzamir/projects/nba-lineup-model/.venv/lib/python3.12/site-packages/sklearn/utils/validation.py:2827: UserWarning: X does not have valid feature names, but SplineTransformer was fitted with feature names
  warnings.warn(
/Users/evanzamir/projects/nba-lineup-model/.venv/lib/python3.12/site-packages/sklearn/utils/validation.py:2827: UserWarning: X does not have valid feature names, but SplineTransformer was fitted with feature names
  warnings.warn(
  Calibrated rebound realization on 128,637 opportunities
/Users/evanzamir/projects/nba-lineup-model/.venv/lib/python3.12/site-packages/sklearn/utils/validation.py:2827: UserWarning: X does not have valid feature names, but SplineTransformer was fitted with feature names
  warnings.warn(
/Users/evanzamir/projects/nba-lineup-model/.venv/lib/python3.12/site-packages/sklearn/utils/validation.py:2827: UserWarning: X does not have valid feature names, but SplineTransformer was fitted with feature names
  warnings.warn(
/Users/evanzamir/projects/nba-lineup-model/.venv/lib/python3.12/site-packages/sklearn/utils/validation.py:2827: UserWarning: X does not have valid feature names, but SplineTransformer was fitted with feature names
  warnings.warn(
/Users/evanzamir/projects/nba-lineup-model/.venv/lib/python3.12/site-packages/sklearn/utils/validation.py:2827: UserWarning: X does not have valid feature names, but SplineTransformer was fitted with feature names
  warnings.warn(
  Fitting antisymmetric spline on 37,294 stints
  Stored 14,938 reference units for 2018-19
Fitting portable-plus-matchup context state for 2019-20
/Users/evanzamir/projects/nba-lineup-model/.venv/lib/python3.12/site-packages/sklearn/utils/validation.py:2827: UserWarning: X does not have valid feature names, but SplineTransformer was fitted with feature names
  warnings.warn(
/Users/evanzamir/projects/nba-lineup-model/.venv/lib/python3.12/site-packages/sklearn/utils/validation.py:2827: UserWarning: X does not have valid feature names, but SplineTransformer was fitted with feature names
  warnings.warn(
/Users/evanzamir/projects/nba-lineup-model/.venv/lib/python3.12/site-packages/sklearn/utils/validation.py:2827: UserWarning: X does not have valid feature names, but SplineTransformer was fitted with feature names
  warnings.warn(
/Users/evanzamir/projects/nba-lineup-model/.venv/lib/python3.12/site-packages/sklearn/utils/validation.py:2827: UserWarning: X does not have valid feature names, but SplineTransformer was fitted with feature names
  warnings.warn(
  Calibrated rebound realization on 100,047 opportunities
/Users/evanzamir/projects/nba-lineup-model/.venv/lib/python3.12/site-packages/sklearn/utils/validation.py:2827: UserWarning: X does not have valid feature names, but SplineTransformer was fitted with feature names
  warnings.warn(
/Users/evanzamir/projects/nba-lineup-model/.venv/lib/python3.12/site-packages/sklearn/utils/validation.py:2827: UserWarning: X does not have valid feature names, but SplineTransformer was fitted with feature names
  warnings.warn(
/Users/evanzamir/projects/nba-lineup-model/.venv/lib/python3.12/site-packages/sklearn/utils/validation.py:2827: UserWarning: X does not have valid feature names, but SplineTransformer was fitted with feature names
  warnings.warn(
/Users/evanzamir/projects/nba-lineup-model/.venv/lib/python3.12/site-packages/sklearn/utils/validation.py:2827: UserWarning: X does not have valid feature names, but SplineTransformer was fitted with feature names
  warnings.warn(
  Fitting antisymmetric spline on 30,088 stints
  Stored 13,027 reference units for 2019-20
Fitting portable-plus-matchup context state for 2020-21
/Users/evanzamir/projects/nba-lineup-model/.venv/lib/python3.12/site-packages/sklearn/utils/validation.py:2827: UserWarning: X does not have valid feature names, but SplineTransformer was fitted with feature names
  warnings.warn(
/Users/evanzamir/projects/nba-lineup-model/.venv/lib/python3.12/site-packages/sklearn/utils/validation.py:2827: UserWarning: X does not have valid feature names, but SplineTransformer was fitted with feature names
  warnings.warn(
/Users/evanzamir/projects/nba-lineup-model/.venv/lib/python3.12/site-packages/sklearn/utils/validation.py:2827: UserWarning: X does not have valid feature names, but SplineTransformer was fitted with feature names
  warnings.warn(
/Users/evanzamir/projects/nba-lineup-model/.venv/lib/python3.12/site-packages/sklearn/utils/validation.py:2827: UserWarning: X does not have valid feature names, but SplineTransformer was fitted with feature names
  warnings.warn(
  Calibrated rebound realization on 107,494 opportunities
/Users/evanzamir/projects/nba-lineup-model/.venv/lib/python3.12/site-packages/sklearn/utils/validation.py:2827: UserWarning: X does not have valid feature names, but SplineTransformer was fitted with feature names
  warnings.warn(
/Users/evanzamir/projects/nba-lineup-model/.venv/lib/python3.12/site-packages/sklearn/utils/validation.py:2827: UserWarning: X does not have valid feature names, but SplineTransformer was fitted with feature names
  warnings.warn(
/Users/evanzamir/projects/nba-lineup-model/.venv/lib/python3.12/site-packages/sklearn/utils/validation.py:2827: UserWarning: X does not have valid feature names, but SplineTransformer was fitted with feature names
  warnings.warn(
/Users/evanzamir/projects/nba-lineup-model/.venv/lib/python3.12/site-packages/sklearn/utils/validation.py:2827: UserWarning: X does not have valid feature names, but SplineTransformer was fitted with feature names
  warnings.warn(
  Fitting antisymmetric spline on 31,073 stints
  Stored 14,728 reference units for 2020-21
Fitting portable-plus-matchup context state for 2021-22
/Users/evanzamir/projects/nba-lineup-model/.venv/lib/python3.12/site-packages/sklearn/utils/validation.py:2827: UserWarning: X does not have valid feature names, but SplineTransformer was fitted with feature names
  warnings.warn(
/Users/evanzamir/projects/nba-lineup-model/.venv/lib/python3.12/site-packages/sklearn/utils/validation.py:2827: UserWarning: X does not have valid feature names, but SplineTransformer was fitted with feature names
  warnings.warn(
/Users/evanzamir/projects/nba-lineup-model/.venv/lib/python3.12/site-packages/sklearn/utils/validation.py:2827: UserWarning: X does not have valid feature names, but SplineTransformer was fitted with feature names
  warnings.warn(
/Users/evanzamir/projects/nba-lineup-model/.venv/lib/python3.12/site-packages/sklearn/utils/validation.py:2827: UserWarning: X does not have valid feature names, but SplineTransformer was fitted with feature names
  warnings.warn(
  Calibrated rebound realization on 119,237 opportunities
/Users/evanzamir/projects/nba-lineup-model/.venv/lib/python3.12/site-packages/sklearn/utils/validation.py:2827: UserWarning: X does not have valid feature names, but SplineTransformer was fitted with feature names
  warnings.warn(
/Users/evanzamir/projects/nba-lineup-model/.venv/lib/python3.12/site-packages/sklearn/utils/validation.py:2827: UserWarning: X does not have valid feature names, but SplineTransformer was fitted with feature names
  warnings.warn(
/Users/evanzamir/projects/nba-lineup-model/.venv/lib/python3.12/site-packages/sklearn/utils/validation.py:2827: UserWarning: X does not have valid feature names, but SplineTransformer was fitted with feature names
  warnings.warn(
/Users/evanzamir/projects/nba-lineup-model/.venv/lib/python3.12/site-packages/sklearn/utils/validation.py:2827: UserWarning: X does not have valid feature names, but SplineTransformer was fitted with feature names
  warnings.warn(
  Fitting antisymmetric spline on 34,601 stints
  Stored 16,839 reference units for 2021-22
Fitting portable-plus-matchup context state for 2022-23
/Users/evanzamir/projects/nba-lineup-model/.venv/lib/python3.12/site-packages/sklearn/utils/validation.py:2827: UserWarning: X does not have valid feature names, but SplineTransformer was fitted with feature names
  warnings.warn(
/Users/evanzamir/projects/nba-lineup-model/.venv/lib/python3.12/site-packages/sklearn/utils/validation.py:2827: UserWarning: X does not have valid feature names, but SplineTransformer was fitted with feature names
  warnings.warn(
/Users/evanzamir/projects/nba-lineup-model/.venv/lib/python3.12/site-packages/sklearn/utils/validation.py:2827: UserWarning: X does not have valid feature names, but SplineTransformer was fitted with feature names
  warnings.warn(
/Users/evanzamir/projects/nba-lineup-model/.venv/lib/python3.12/site-packages/sklearn/utils/validation.py:2827: UserWarning: X does not have valid feature names, but SplineTransformer was fitted with feature names
  warnings.warn(
  Calibrated rebound realization on 118,279 opportunities
/Users/evanzamir/projects/nba-lineup-model/.venv/lib/python3.12/site-packages/sklearn/utils/validation.py:2827: UserWarning: X does not have valid feature names, but SplineTransformer was fitted with feature names
  warnings.warn(
/Users/evanzamir/projects/nba-lineup-model/.venv/lib/python3.12/site-packages/sklearn/utils/validation.py:2827: UserWarning: X does not have valid feature names, but SplineTransformer was fitted with feature names
  warnings.warn(
/Users/evanzamir/projects/nba-lineup-model/.venv/lib/python3.12/site-packages/sklearn/utils/validation.py:2827: UserWarning: X does not have valid feature names, but SplineTransformer was fitted with feature names
  warnings.warn(
/Users/evanzamir/projects/nba-lineup-model/.venv/lib/python3.12/site-packages/sklearn/utils/validation.py:2827: UserWarning: X does not have valid feature names, but SplineTransformer was fitted with feature names
  warnings.warn(
  Fitting antisymmetric spline on 34,823 stints
  Stored 16,349 reference units for 2022-23
Fitting portable-plus-matchup context state for 2023-24
/Users/evanzamir/projects/nba-lineup-model/.venv/lib/python3.12/site-packages/sklearn/utils/validation.py:2827: UserWarning: X does not have valid feature names, but SplineTransformer was fitted with feature names
  warnings.warn(
/Users/evanzamir/projects/nba-lineup-model/.venv/lib/python3.12/site-packages/sklearn/utils/validation.py:2827: UserWarning: X does not have valid feature names, but SplineTransformer was fitted with feature names
  warnings.warn(
/Users/evanzamir/projects/nba-lineup-model/.venv/lib/python3.12/site-packages/sklearn/utils/validation.py:2827: UserWarning: X does not have valid feature names, but SplineTransformer was fitted with feature names
  warnings.warn(
/Users/evanzamir/projects/nba-lineup-model/.venv/lib/python3.12/site-packages/sklearn/utils/validation.py:2827: UserWarning: X does not have valid feature names, but SplineTransformer was fitted with feature names
  warnings.warn(
  Calibrated rebound realization on 117,248 opportunities
/Users/evanzamir/projects/nba-lineup-model/.venv/lib/python3.12/site-packages/sklearn/utils/validation.py:2827: UserWarning: X does not have valid feature names, but SplineTransformer was fitted with feature names
  warnings.warn(
/Users/evanzamir/projects/nba-lineup-model/.venv/lib/python3.12/site-packages/sklearn/utils/validation.py:2827: UserWarning: X does not have valid feature names, but SplineTransformer was fitted with feature names
  warnings.warn(
/Users/evanzamir/projects/nba-lineup-model/.venv/lib/python3.12/site-packages/sklearn/utils/validation.py:2827: UserWarning: X does not have valid feature names, but SplineTransformer was fitted with feature names
  warnings.warn(
/Users/evanzamir/projects/nba-lineup-model/.venv/lib/python3.12/site-packages/sklearn/utils/validation.py:2827: UserWarning: X does not have valid feature names, but SplineTransformer was fitted with feature names
  warnings.warn(
  Fitting antisymmetric spline on 34,022 stints
  Stored 15,385 reference units for 2023-24
Fitting portable-plus-matchup context state for 2024-25
/Users/evanzamir/projects/nba-lineup-model/.venv/lib/python3.12/site-packages/sklearn/utils/validation.py:2827: UserWarning: X does not have valid feature names, but SplineTransformer was fitted with feature names
  warnings.warn(
/Users/evanzamir/projects/nba-lineup-model/.venv/lib/python3.12/site-packages/sklearn/utils/validation.py:2827: UserWarning: X does not have valid feature names, but SplineTransformer was fitted with feature names
  warnings.warn(
/Users/evanzamir/projects/nba-lineup-model/.venv/lib/python3.12/site-packages/sklearn/utils/validation.py:2827: UserWarning: X does not have valid feature names, but SplineTransformer was fitted with feature names
  warnings.warn(
/Users/evanzamir/projects/nba-lineup-model/.venv/lib/python3.12/site-packages/sklearn/utils/validation.py:2827: UserWarning: X does not have valid feature names, but SplineTransformer was fitted with feature names
  warnings.warn(
  Calibrated rebound realization on 119,290 opportunities
/Users/evanzamir/projects/nba-lineup-model/.venv/lib/python3.12/site-packages/sklearn/utils/validation.py:2827: UserWarning: X does not have valid feature names, but SplineTransformer was fitted with feature names
  warnings.warn(
/Users/evanzamir/projects/nba-lineup-model/.venv/lib/python3.12/site-packages/sklearn/utils/validation.py:2827: UserWarning: X does not have valid feature names, but SplineTransformer was fitted with feature names
  warnings.warn(
/Users/evanzamir/projects/nba-lineup-model/.venv/lib/python3.12/site-packages/sklearn/utils/validation.py:2827: UserWarning: X does not have valid feature names, but SplineTransformer was fitted with feature names
  warnings.warn(
/Users/evanzamir/projects/nba-lineup-model/.venv/lib/python3.12/site-packages/sklearn/utils/validation.py:2827: UserWarning: X does not have valid feature names, but SplineTransformer was fitted with feature names
  warnings.warn(
  Fitting antisymmetric spline on 34,859 stints
  Stored 17,468 reference units for 2024-25
Fitting portable-plus-matchup context state for 2025-26
/Users/evanzamir/projects/nba-lineup-model/.venv/lib/python3.12/site-packages/sklearn/utils/validation.py:2827: UserWarning: X does not have valid feature names, but SplineTransformer was fitted with feature names
  warnings.warn(
/Users/evanzamir/projects/nba-lineup-model/.venv/lib/python3.12/site-packages/sklearn/utils/validation.py:2827: UserWarning: X does not have valid feature names, but SplineTransformer was fitted with feature names
  warnings.warn(
/Users/evanzamir/projects/nba-lineup-model/.venv/lib/python3.12/site-packages/sklearn/utils/validation.py:2827: UserWarning: X does not have valid feature names, but SplineTransformer was fitted with feature names
  warnings.warn(
/Users/evanzamir/projects/nba-lineup-model/.venv/lib/python3.12/site-packages/sklearn/utils/validation.py:2827: UserWarning: X does not have valid feature names, but SplineTransformer was fitted with feature names
  warnings.warn(
  Calibrated rebound realization on 129,576 opportunities
/Users/evanzamir/projects/nba-lineup-model/.venv/lib/python3.12/site-packages/sklearn/utils/validation.py:2827: UserWarning: X does not have valid feature names, but SplineTransformer was fitted with feature names
  warnings.warn(
/Users/evanzamir/projects/nba-lineup-model/.venv/lib/python3.12/site-packages/sklearn/utils/validation.py:2827: UserWarning: X does not have valid feature names, but SplineTransformer was fitted with feature names
  warnings.warn(
/Users/evanzamir/projects/nba-lineup-model/.venv/lib/python3.12/site-packages/sklearn/utils/validation.py:2827: UserWarning: X does not have valid feature names, but SplineTransformer was fitted with feature names
  warnings.warn(
/Users/evanzamir/projects/nba-lineup-model/.venv/lib/python3.12/site-packages/sklearn/utils/validation.py:2827: UserWarning: X does not have valid feature names, but SplineTransformer was fitted with feature names
  warnings.warn(
  Fitting antisymmetric spline on 39,918 stints
  Stored 19,699 reference units for 2025-26
/Users/evanzamir/projects/nba-lineup-model/.venv/lib/python3.12/site-packages/sklearn/utils/validation.py:2827: UserWarning: X does not have valid feature names, but SplineTransformer was fitted with feature names
  warnings.warn(
/Users/evanzamir/projects/nba-lineup-model/.venv/lib/python3.12/site-packages/sklearn/utils/validation.py:2827: UserWarning: X does not have valid feature names, but SplineTransformer was fitted with feature names
  warnings.warn(
/Users/evanzamir/projects/nba-lineup-model/.venv/lib/python3.12/site-packages/sklearn/utils/validation.py:2827: UserWarning: X does not have valid feature names, but SplineTransformer was fitted with feature names
  warnings.warn(
/Users/evanzamir/projects/nba-lineup-model/.venv/lib/python3.12/site-packages/sklearn/utils/validation.py:2827: UserWarning: X does not have valid feature names, but SplineTransformer was fitted with feature names
  warnings.warn(
/Users/evanzamir/projects/nba-lineup-model/.venv/lib/python3.12/site-packages/sklearn/utils/validation.py:2827: UserWarning: X does not have valid feature names, but SplineTransformer was fitted with feature names
  warnings.warn(
/Users/evanzamir/projects/nba-lineup-model/.venv/lib/python3.12/site-packages/sklearn/utils/validation.py:2827: UserWarning: X does not have valid feature names, but SplineTransformer was fitted with feature names
  warnings.warn(
/Users/evanzamir/projects/nba-lineup-model/.venv/lib/python3.12/site-packages/sklearn/utils/validation.py:2827: UserWarning: X does not have valid feature names, but SplineTransformer was fitted with feature names
  warnings.warn(
/Users/evanzamir/projects/nba-lineup-model/.venv/lib/python3.12/site-packages/sklearn/utils/validation.py:2827: UserWarning: X does not have valid feature names, but SplineTransformer was fitted with feature names
  warnings.warn(
/Users/evanzamir/projects/nba-lineup-model/.venv/lib/python3.12/site-packages/sklearn/utils/validation.py:2827: UserWarning: X does not have valid feature names, but SplineTransformer was fitted with feature names
  warnings.warn(
/Users/evanzamir/projects/nba-lineup-model/.venv/lib/python3.12/site-packages/sklearn/utils/validation.py:2827: UserWarning: X does not have valid feature names, but SplineTransformer was fitted with feature names
  warnings.warn(
/Users/evanzamir/projects/nba-lineup-model/.venv/lib/python3.12/site-packages/sklearn/utils/validation.py:2827: UserWarning: X does not have valid feature names, but SplineTransformer was fitted with feature names
  warnings.warn(
/Users/evanzamir/projects/nba-lineup-model/.venv/lib/python3.12/site-packages/sklearn/utils/validation.py:2827: UserWarning: X does not have valid feature names, but SplineTransformer was fitted with feature names
  warnings.warn(
HPM v2.1 empirical rebound capacity: run=artifacts/models/forward_hpm_v21_empirical_rebound_capacity/2025-26/forward-hpm-v21-empirical-rebound-capacity-2025-26-20260814T002403Z-c252dbd5
